Component: ARM Compiler 5.06 update 4 (build 422) Tool: armlink [4d35d2]

==============================================================================

Section Cross References

    startup_stm32f103xe.o(RESET) refers to startup_stm32f103xe.o(STACK) for __initial_sp
    startup_stm32f103xe.o(RESET) refers to startup_stm32f103xe.o(.text) for Reset_Handler
    startup_stm32f103xe.o(RESET) refers to stm32f1xx_it.o(i.NMI_Handler) for NMI_Handler
    startup_stm32f103xe.o(RESET) refers to stm32f1xx_it.o(i.HardFault_Handler) for HardFault_Handler
    startup_stm32f103xe.o(RESET) refers to stm32f1xx_it.o(i.MemManage_Handler) for MemManage_Handler
    startup_stm32f103xe.o(RESET) refers to stm32f1xx_it.o(i.BusFault_Handler) for BusFault_Handler
    startup_stm32f103xe.o(RESET) refers to stm32f1xx_it.o(i.UsageFault_Handler) for UsageFault_Handler
    startup_stm32f103xe.o(RESET) refers to stm32f1xx_it.o(i.SVC_Handler) for SVC_Handler
    startup_stm32f103xe.o(RESET) refers to stm32f1xx_it.o(i.DebugMon_Handler) for DebugMon_Handler
    startup_stm32f103xe.o(RESET) refers to stm32f1xx_it.o(i.PendSV_Handler) for PendSV_Handler
    startup_stm32f103xe.o(RESET) refers to stm32f1xx_it.o(i.SysTick_Handler) for SysTick_Handler
    startup_stm32f103xe.o(RESET) refers to stm32f1xx_it.o(i.TIM6_IRQHandler) for TIM6_IRQHandler
    startup_stm32f103xe.o(RESET) refers to stm32f1xx_it.o(i.DMA2_Channel3_IRQHandler) for DMA2_Channel3_IRQHandler
    startup_stm32f103xe.o(.text) refers to system_stm32f1xx.o(i.SystemInit) for SystemInit
    startup_stm32f103xe.o(.text) refers to entry.o(.ARM.Collect$$$$00000000) for __main
    main.o(i.HAL_DAC_ConvCpltCallbackCh1) refers to stm32f1xx_hal_tim.o(i.HAL_TIM_Base_Stop) for HAL_TIM_Base_Stop
    main.o(i.HAL_DAC_ConvCpltCallbackCh1) refers to stm32f1xx_hal_dac.o(i.HAL_DAC_Start_DMA) for HAL_DAC_Start_DMA
    main.o(i.HAL_DAC_ConvCpltCallbackCh1) refers to stm32f1xx_hal_tim.o(i.HAL_TIM_Base_Start_IT) for HAL_TIM_Base_Start_IT
    main.o(i.HAL_DAC_ConvCpltCallbackCh1) refers to main.o(i.pullData) for pullData
    main.o(i.HAL_DAC_ConvCpltCallbackCh1) refers to stm32f1xx_hal_dac.o(i.HAL_DAC_Stop_DMA) for HAL_DAC_Stop_DMA
    main.o(i.HAL_DAC_ConvCpltCallbackCh1) refers to ff.o(i.f_close) for f_close
    main.o(i.HAL_DAC_ConvCpltCallbackCh1) refers to main.o(.bss) for .bss
    main.o(i.HAL_DAC_ConvCpltCallbackCh1) refers to main.o(.data) for .data
    main.o(i.MX_GPIO_Init) refers to stm32f1xx_hal_gpio.o(i.HAL_GPIO_WritePin) for HAL_GPIO_WritePin
    main.o(i.MX_GPIO_Init) refers to stm32f1xx_hal_gpio.o(i.HAL_GPIO_Init) for HAL_GPIO_Init
    main.o(i.MX_TIM1_Init) refers to memseta.o(.text) for __aeabi_memclr4
    main.o(i.MX_TIM1_Init) refers to stm32f1xx_hal_tim.o(i.HAL_TIM_Base_Init) for HAL_TIM_Base_Init
    main.o(i.MX_TIM1_Init) refers to stm32f1xx_hal_tim.o(i.HAL_TIM_ConfigClockSource) for HAL_TIM_ConfigClockSource
    main.o(i.MX_TIM1_Init) refers to stm32f1xx_hal_tim.o(i.HAL_TIM_PWM_Init) for HAL_TIM_PWM_Init
    main.o(i.MX_TIM1_Init) refers to stm32f1xx_hal_tim_ex.o(i.HAL_TIMEx_MasterConfigSynchronization) for HAL_TIMEx_MasterConfigSynchronization
    main.o(i.MX_TIM1_Init) refers to stm32f1xx_hal_tim.o(i.HAL_TIM_PWM_ConfigChannel) for HAL_TIM_PWM_ConfigChannel
    main.o(i.MX_TIM1_Init) refers to stm32f1xx_hal_tim_ex.o(i.HAL_TIMEx_ConfigBreakDeadTime) for HAL_TIMEx_ConfigBreakDeadTime
    main.o(i.MX_TIM1_Init) refers to stm32f1xx_hal_msp.o(i.HAL_TIM_MspPostInit) for HAL_TIM_MspPostInit
    main.o(i.MX_TIM1_Init) refers to main.o(.bss) for .bss
    main.o(i.MX_TIM2_Init) refers to memseta.o(.text) for __aeabi_memclr4
    main.o(i.MX_TIM2_Init) refers to stm32f1xx_hal_tim.o(i.HAL_TIM_Base_Init) for HAL_TIM_Base_Init
    main.o(i.MX_TIM2_Init) refers to stm32f1xx_hal_tim.o(i.HAL_TIM_ConfigClockSource) for HAL_TIM_ConfigClockSource
    main.o(i.MX_TIM2_Init) refers to stm32f1xx_hal_tim.o(i.HAL_TIM_PWM_Init) for HAL_TIM_PWM_Init
    main.o(i.MX_TIM2_Init) refers to stm32f1xx_hal_tim_ex.o(i.HAL_TIMEx_MasterConfigSynchronization) for HAL_TIMEx_MasterConfigSynchronization
    main.o(i.MX_TIM2_Init) refers to stm32f1xx_hal_tim.o(i.HAL_TIM_PWM_ConfigChannel) for HAL_TIM_PWM_ConfigChannel
    main.o(i.MX_TIM2_Init) refers to stm32f1xx_hal_msp.o(i.HAL_TIM_MspPostInit) for HAL_TIM_MspPostInit
    main.o(i.MX_TIM2_Init) refers to main.o(.bss) for .bss
    main.o(i.MX_TIM4_Init) refers to memseta.o(.text) for __aeabi_memclr4
    main.o(i.MX_TIM4_Init) refers to stm32f1xx_hal_tim.o(i.HAL_TIM_Base_Init) for HAL_TIM_Base_Init
    main.o(i.MX_TIM4_Init) refers to stm32f1xx_hal_tim.o(i.HAL_TIM_ConfigClockSource) for HAL_TIM_ConfigClockSource
    main.o(i.MX_TIM4_Init) refers to stm32f1xx_hal_tim.o(i.HAL_TIM_PWM_Init) for HAL_TIM_PWM_Init
    main.o(i.MX_TIM4_Init) refers to stm32f1xx_hal_tim_ex.o(i.HAL_TIMEx_MasterConfigSynchronization) for HAL_TIMEx_MasterConfigSynchronization
    main.o(i.MX_TIM4_Init) refers to stm32f1xx_hal_tim.o(i.HAL_TIM_PWM_ConfigChannel) for HAL_TIM_PWM_ConfigChannel
[...]
    ..\Drivers\STM32F1xx_HAL_Driver\Src\stm32f1xx_hal_dma.c 0x00000000   Number         0  stm32f1xx_hal_dma.o ABSOLUTE
    ..\Drivers\STM32F1xx_HAL_Driver\Src\stm32f1xx_hal_flash.c 0x00000000   Number         0  stm32f1xx_hal_flash.o ABSOLUTE
    ..\Drivers\STM32F1xx_HAL_Driver\Src\stm32f1xx_hal_flash_ex.c 0x00000000   Number         0  stm32f1xx_hal_flash_ex.o ABSOLUTE
    ..\Drivers\STM32F1xx_HAL_Driver\Src\stm32f1xx_hal_gpio.c 0x00000000   Number         0  stm32f1xx_hal_gpio.o ABSOLUTE
    ..\Drivers\STM32F1xx_HAL_Driver\Src\stm32f1xx_hal_gpio_ex.c 0x00000000   Number         0  stm32f1xx_hal_gpio_ex.o ABSOLUTE
    ..\Drivers\STM32F1xx_HAL_Driver\Src\stm32f1xx_hal_pwr.c 0x00000000   Number         0  stm32f1xx_hal_pwr.o ABSOLUTE
    ..\Drivers\STM32F1xx_HAL_Driver\Src\stm32f1xx_hal_rcc.c 0x00000000   Number         0  stm32f1xx_hal_rcc.o ABSOLUTE
    ..\Drivers\STM32F1xx_HAL_Driver\Src\stm32f1xx_hal_rcc_ex.c 0x00000000   Number         0  stm32f1xx_hal_rcc_ex.o ABSOLUTE
    ..\Drivers\STM32F1xx_HAL_Driver\Src\stm32f1xx_hal_sd.c 0x00000000   Number         0  stm32f1xx_hal_sd.o ABSOLUTE
    ..\Drivers\STM32F1xx_HAL_Driver\Src\stm32f1xx_hal_tim.c 0x00000000   Number         0  stm32f1xx_hal_tim.o ABSOLUTE
    ..\Drivers\STM32F1xx_HAL_Driver\Src\stm32f1xx_hal_tim_ex.c 0x00000000   Number         0  stm32f1xx_hal_tim_ex.o ABSOLUTE
    ..\Drivers\STM32F1xx_HAL_Driver\Src\stm32f1xx_hal_uart.c 0x00000000   Number         0  stm32f1xx_hal_uart.o ABSOLUTE
    ..\Drivers\STM32F1xx_HAL_Driver\Src\stm32f1xx_ll_sdmmc.c 0x00000000   Number         0  stm32f1xx_ll_sdmmc.o ABSOLUTE
    ..\Middlewares\Third_Party\FatFs\src\diskio.c 0x00000000   Number         0  diskio.o ABSOLUTE
    ..\Middlewares\Third_Party\FatFs\src\drivers\sd_diskio.c 0x00000000   Number         0  sd_diskio.o ABSOLUTE
    ..\Middlewares\Third_Party\FatFs\src\ff.c 0x00000000   Number         0  ff.o ABSOLUTE
    ..\Middlewares\Third_Party\FatFs\src\ff_gen_drv.c 0x00000000   Number         0  ff_gen_drv.o ABSOLUTE
    ..\Middlewares\Third_Party\FatFs\src\option\syscall.c 0x00000000   Number         0  syscall.o ABSOLUTE
    ..\Src\bsp_driver_sd.c                   0x00000000   Number         0  bsp_driver_sd.o ABSOLUTE
    ..\Src\fatfs.c                           0x00000000   Number         0  fatfs.o ABSOLUTE
    ..\Src\main.c                            0x00000000   Number         0  main.o ABSOLUTE
    ..\Src\stm32f1xx_hal_msp.c               0x00000000   Number         0  stm32f1xx_hal_msp.o ABSOLUTE
    ..\Src\stm32f1xx_it.c                    0x00000000   Number         0  stm32f1xx_it.o ABSOLUTE
    ..\Src\system_stm32f1xx.c                0x00000000   Number         0  system_stm32f1xx.o ABSOLUTE
    dc.s                                     0x00000000   Number         0  dc.o ABSOLUTE
    handlers.s                               0x00000000   Number         0  handlers.o ABSOLUTE
    init.s                                   0x00000000   Number         0  init.o ABSOLUTE
    startup_stm32f103xe.s                    0x00000000   Number         0  startup_stm32f103xe.o ABSOLUTE
    RESET                                    0x08000000   Section      304  startup_stm32f103xe.o(RESET)
    .ARM.Collect$$$$00000000                 0x08000130   Section        0  entry.o(.ARM.Collect$$$$00000000)
    .ARM.Collect$$$$00000001                 0x08000130   Section        4  entry2.o(.ARM.Collect$$$$00000001)
    .ARM.Collect$$$$00000004                 0x08000134   Section        4  entry5.o(.ARM.Collect$$$$00000004)
    .ARM.Collect$$$$00000008                 0x08000138   Section        0  entry7b.o(.ARM.Collect$$$$00000008)
    .ARM.Collect$$$$0000000A                 0x08000138   Section        0  entry8b.o(.ARM.Collect$$$$0000000A)
    .ARM.Collect$$$$0000000B                 0x08000138   Section        8  entry9a.o(.ARM.Collect$$$$0000000B)
    .ARM.Collect$$$$0000000D                 0x08000140   Section        0  entry10a.o(.ARM.Collect$$$$0000000D)
    .ARM.Collect$$$$0000000F                 0x08000140   Section        0  entry11a.o(.ARM.Collect$$$$0000000F)
    .ARM.Collect$$$$00002712                 0x08000140   Section        4  entry2.o(.ARM.Collect$$$$00002712)
    __lit__00000000                          0x08000140   Data           4  entry2.o(.ARM.Collect$$$$00002712)
    .text                                    0x08000144   Section       36  startup_stm32f103xe.o(.text)
    .text                                    0x08000168   Section        0  memseta.o(.text)
    .text                                    0x0800018c   Section        0  strcmp.o(.text)
    .text                                    0x080001a8   Section        0  strncmp.o(.text)
    .text                                    0x080001c8   Section       36  init.o(.text)
    .text                                    0x080001ec   Section        0  __dczerorl2.o(.text)
    i.BSP_SD_GetCardInfo                     0x08000244   Section        0  bsp_driver_sd.o(i.BSP_SD_GetCardInfo)
    i.BSP_SD_GetCardState                    0x08000250   Section        0  bsp_driver_sd.o(i.BSP_SD_GetCardState)
    i.BSP_SD_Init                            0x08000268   Section        0  bsp_driver_sd.o(i.BSP_SD_Init)
    i.BSP_SD_ReadBlocks                      0x0800028c   Section        0  bsp_driver_sd.o(i.BSP_SD_ReadBlocks)
    i.BSP_SD_WriteBlocks                     0x080002ac   Section        0  bsp_driver_sd.o(i.BSP_SD_WriteBlocks)
    i.BusFault_Handler                       0x080002cc   Section        0  stm32f1xx_it.o(i.BusFault_Handler)
    i.DAC_DMAConvCpltCh1                     0x080002ce   Section        0  stm32f1xx_hal_dac.o(i.DAC_DMAConvCpltCh1)
    i.DAC_DMAConvCpltCh2                     0x080002de   Section        0  stm32f1xx_hal_dac_ex.o(i.DAC_DMAConvCpltCh2)
    i.DAC_DMAErrorCh1                        0x080002ee   Section        0  stm32f1xx_hal_dac.o(i.DAC_DMAErrorCh1)
    i.DAC_DMAErrorCh2                        0x08000306   Section        0  stm32f1xx_hal_dac_ex.o(i.DAC_DMAErrorCh2)
    i.DAC_DMAHalfConvCpltCh1                 0x0800031e   Section        0  stm32f1xx_hal_dac.o(i.DAC_DMAHalfConvCpltCh1)
    i.DAC_DMAHalfConvCpltCh2                 0x08000328   Section        0  stm32f1xx_hal_dac_ex.o(i.DAC_DMAHalfConvCpltCh2)
    i.DMA2_Channel3_IRQHandler               0x08000334   Section        0  stm32f1xx_it.o(i.DMA2_Channel3_IRQHandler)
    i.DMA_SetConfig                          0x08000340   Section        0  stm32f1xx_hal_dma.o(i.DMA_SetConfig)
    DMA_SetConfig                            0x08000341   Thumb Code    42  stm32f1xx_hal_dma.o(i.DMA_SetConfig)
    i.DebugMon_Handler                       0x0800036a   Section        0  stm32f1xx_it.o(i.DebugMon_Handler)
    i.Error_Handler                          0x0800036c   Section        0  main.o(i.Error_Handler)
    i.FATFS_LinkDriver                       0x0800036e   Section        0  ff_gen_drv.o(i.FATFS_LinkDriver)
    i.FATFS_LinkDriverEx                     0x08000374   Section        0  ff_gen_drv.o(i.FATFS_LinkDriverEx)
    i.HAL_DACEx_ConvCpltCallbackCh2          0x080003b4   Section        0  stm32f1xx_hal_dac_ex.o(i.HAL_DACEx_ConvCpltCallbackCh2)
    i.HAL_DACEx_ConvHalfCpltCallbackCh2      0x080003b6   Section        0  stm32f1xx_hal_dac_ex.o(i.HAL_DACEx_ConvHalfCpltCallbackCh2)
    i.HAL_DACEx_ErrorCallbackCh2             0x080003b8   Section        0  stm32f1xx_hal_dac_ex.o(i.HAL_DACEx_ErrorCallbackCh2)
    i.HAL_DAC_ConfigChannel                  0x080003ba   Section        0  stm32f1xx_hal_dac.o(i.HAL_DAC_ConfigChannel)
    i.HAL_DAC_ConvCpltCallbackCh1            0x080003fc   Section        0  main.o(i.HAL_DAC_ConvCpltCallbackCh1)
    i.HAL_DAC_ConvHalfCpltCallbackCh1        0x08000450   Section        0  stm32f1xx_hal_dac.o(i.HAL_DAC_ConvHalfCpltCallbackCh1)
    i.HAL_DAC_ErrorCallbackCh1               0x08000452   Section        0  stm32f1xx_hal_dac.o(i.HAL_DAC_ErrorCallbackCh1)
    i.HAL_DAC_Init                           0x08000454   Section        0  stm32f1xx_hal_dac.o(i.HAL_DAC_Init)
    i.HAL_DAC_MspInit                        0x0800047c   Section        0  stm32f1xx_hal_msp.o(i.HAL_DAC_MspInit)
    i.HAL_DAC_Start                          0x08000508   Section        0  stm32f1xx_hal_dac.o(i.HAL_DAC_Start)
    i.HAL_DAC_Start_DMA                      0x0800055c   Section        0  stm32f1xx_hal_dac.o(i.HAL_DAC_Start_DMA)
    i.HAL_DAC_Stop_DMA                       0x08000648   Section        0  stm32f1xx_hal_dac.o(i.HAL_DAC_Stop_DMA)
    i.HAL_DMA_Abort                          0x08000680   Section        0  stm32f1xx_hal_dma.o(i.HAL_DMA_Abort)
    i.HAL_DMA_IRQHandler                     0x080006b0   Section        0  stm32f1xx_hal_dma.o(i.HAL_DMA_IRQHandler)
    i.HAL_DMA_Init                           0x080008f8   Section        0  stm32f1xx_hal_dma.o(i.HAL_DMA_Init)
    i.HAL_DMA_Start_IT                       0x08000974   Section        0  stm32f1xx_hal_dma.o(i.HAL_DMA_Start_IT)
    i.HAL_Delay                              0x080009e4   Section        0  stm32f1xx_hal.o(i.HAL_Delay)
    i.HAL_GPIO_Init                          0x08000a08   Section        0  stm32f1xx_hal_gpio.o(i.HAL_GPIO_Init)
    i.HAL_GPIO_ReadPin                       0x08000bf0   Section        0  stm32f1xx_hal_gpio.o(i.HAL_GPIO_ReadPin)
    i.HAL_GPIO_WritePin                      0x08000bfa   Section        0  stm32f1xx_hal_gpio.o(i.HAL_GPIO_WritePin)
    i.HAL_GetTick                            0x08000c04   Section        0  stm32f1xx_hal.o(i.HAL_GetTick)
    i.HAL_IncTick                            0x08000c10   Section        0  stm32f1xx_hal.o(i.HAL_IncTick)
    i.HAL_Init                               0x08000c20   Section        0  stm32f1xx_hal.o(i.HAL_Init)
    i.HAL_InitTick                           0x08000c44   Section        0  stm32f1xx_hal.o(i.HAL_InitTick)
    i.HAL_MspInit                            0x08000c84   Section        0  stm32f1xx_hal_msp.o(i.HAL_MspInit)
    i.HAL_NVIC_EnableIRQ                     0x08000cc0   Section        0  stm32f1xx_hal_cortex.o(i.HAL_NVIC_EnableIRQ)
    i.HAL_NVIC_SetPriority                   0x08000cd8   Section        0  stm32f1xx_hal_cortex.o(i.HAL_NVIC_SetPriority)
    i.HAL_NVIC_SetPriorityGrouping           0x08000d18   Section        0  stm32f1xx_hal_cortex.o(i.HAL_NVIC_SetPriorityGrouping)
    i.HAL_RCC_ClockConfig                    0x08000d3c   Section        0  stm32f1xx_hal_rcc.o(i.HAL_RCC_ClockConfig)
    i.HAL_RCC_GetPCLK1Freq                   0x08000ea8   Section        0  stm32f1xx_hal_rcc.o(i.HAL_RCC_GetPCLK1Freq)
    i.HAL_RCC_GetPCLK2Freq                   0x08000ec8   Section        0  stm32f1xx_hal_rcc.o(i.HAL_RCC_GetPCLK2Freq)
    i.HAL_RCC_GetSysClockFreq                0x08000ee8   Section        0  stm32f1xx_hal_rcc.o(i.HAL_RCC_GetSysClockFreq)
    i.HAL_RCC_OscConfig                      0x08000f54   Section        0  stm32f1xx_hal_rcc.o(i.HAL_RCC_OscConfig)
    i.HAL_SD_GetCardCSD                      0x08001258   Section        0  stm32f1xx_hal_sd.o(i.HAL_SD_GetCardCSD)
    i.HAL_SD_GetCardInfo                     0x08001432   Section        0  stm32f1xx_hal_sd.o(i.HAL_SD_GetCardInfo)
    i.HAL_SD_GetCardState                    0x08001456   Section        0  stm32f1xx_hal_sd.o(i.HAL_SD_GetCardState)
    i.HAL_SD_Init                            0x08001482   Section        0  stm32f1xx_hal_sd.o(i.HAL_SD_Init)
    i.HAL_SD_InitCard                        0x080014b8   Section        0  stm32f1xx_hal_sd.o(i.HAL_SD_InitCard)
    i.HAL_SD_MspInit                         0x0800150c   Section        0  stm32f1xx_hal_msp.o(i.HAL_SD_MspInit)
    i.HAL_SD_ReadBlocks                      0x08001590   Section        0  stm32f1xx_hal_sd.o(i.HAL_SD_ReadBlocks)
    i.HAL_SD_WriteBlocks                     0x08001744   Section        0  stm32f1xx_hal_sd.o(i.HAL_SD_WriteBlocks)
    i.HAL_SYSTICK_Config                     0x080018de   Section        0  stm32f1xx_hal_cortex.o(i.HAL_SYSTICK_Config)
    i.HAL_TIMEx_BreakCallback                0x08001906   Section        0  stm32f1xx_hal_tim_ex.o(i.HAL_TIMEx_BreakCallback)
    i.HAL_TIMEx_CommutationCallback          0x08001908   Section        0  stm32f1xx_hal_tim_ex.o(i.HAL_TIMEx_CommutationCallback)
    i.HAL_TIMEx_ConfigBreakDeadTime          0x0800190a   Section        0  stm32f1xx_hal_tim_ex.o(i.HAL_TIMEx_ConfigBreakDeadTime)
    i.HAL_TIMEx_MasterConfigSynchronization  0x08001964   Section        0  stm32f1xx_hal_tim_ex.o(i.HAL_TIMEx_MasterConfigSynchronization)
    i.HAL_TIM_Base_Init                      0x080019b4   Section        0  stm32f1xx_hal_tim.o(i.HAL_TIM_Base_Init)
    i.HAL_TIM_Base_MspInit                   0x080019ec   Section        0  stm32f1xx_hal_msp.o(i.HAL_TIM_Base_MspInit)
    i.HAL_TIM_Base_Start                     0x08001aa4   Section        0  stm32f1xx_hal_tim.o(i.HAL_TIM_Base_Start)
    i.HAL_TIM_Base_Start_IT                  0x08001abe   Section        0  stm32f1xx_hal_tim.o(i.HAL_TIM_Base_Start_IT)
    i.HAL_TIM_Base_Stop                      0x08001ad6   Section        0  stm32f1xx_hal_tim.o(i.HAL_TIM_Base_Stop)
    i.HAL_TIM_ConfigClockSource              0x08001b02   Section        0  stm32f1xx_hal_tim.o(i.HAL_TIM_ConfigClockSource)
    i.HAL_TIM_IC_CaptureCallback             0x08001bf4   Section        0  stm32f1xx_hal_tim.o(i.HAL_TIM_IC_CaptureCallback)
    i.HAL_TIM_IRQHandler                     0x08001bf6   Section        0  stm32f1xx_hal_tim.o(i.HAL_TIM_IRQHandler)
    i.HAL_TIM_MspPostInit                    0x08001d5c   Section        0  stm32f1xx_hal_msp.o(i.HAL_TIM_MspPostInit)
    i.HAL_TIM_OC_DelayElapsedCallback        0x08001e94   Section        0  stm32f1xx_hal_tim.o(i.HAL_TIM_OC_DelayElapsedCallback)
    i.HAL_TIM_PWM_ConfigChannel              0x08001e96   Section        0  stm32f1xx_hal_tim.o(i.HAL_TIM_PWM_ConfigChannel)
    i.HAL_TIM_PWM_Init                       0x08001f66   Section        0  stm32f1xx_hal_tim.o(i.HAL_TIM_PWM_Init)
    i.HAL_TIM_PWM_MspInit                    0x08001f9c   Section        0  stm32f1xx_hal_tim.o(i.HAL_TIM_PWM_MspInit)
    i.HAL_TIM_PWM_PulseFinishedCallback      0x08001f9e   Section        0  stm32f1xx_hal_tim.o(i.HAL_TIM_PWM_PulseFinishedCallback)
    i.HAL_TIM_PWM_Start                      0x08001fa0   Section        0  stm32f1xx_hal_tim.o(i.HAL_TIM_PWM_Start)
    i.HAL_TIM_PeriodElapsedCallback          0x08001fd8   Section        0  stm32f1xx_hal_tim.o(i.HAL_TIM_PeriodElapsedCallback)
    i.HAL_TIM_TriggerCallback                0x08001fda   Section        0  stm32f1xx_hal_tim.o(i.HAL_TIM_TriggerCallback)
    i.HAL_UART_Init                          0x08001fdc   Section        0  stm32f1xx_hal_uart.o(i.HAL_UART_Init)
    i.HAL_UART_MspInit                       0x08002040   Section        0  stm32f1xx_hal_msp.o(i.HAL_UART_MspInit)
    i.HAL_UART_Receive                       0x080020b0   Section        0  stm32f1xx_hal_uart.o(i.HAL_UART_Receive)
    i.HAL_UART_Transmit                      0x08002168   Section        0  stm32f1xx_hal_uart.o(i.HAL_UART_Transmit)
    i.HardFault_Handler                      0x08002224   Section        0  stm32f1xx_it.o(i.HardFault_Handler)
    i.MX_FATFS_Init                          0x08002230   Section        0  fatfs.o(i.MX_FATFS_Init)
    i.MX_GPIO_Init                           0x0800224c   Section        0  main.o(i.MX_GPIO_Init)
    MX_GPIO_Init                             0x0800224d   Thumb Code   192  main.o(i.MX_GPIO_Init)
    i.MX_TIM1_Init                           0x0800231c   Section        0  main.o(i.MX_TIM1_Init)
    MX_TIM1_Init                             0x0800231d   Thumb Code   188  main.o(i.MX_TIM1_Init)
    i.MX_TIM2_Init                           0x080023e0   Section        0  main.o(i.MX_TIM2_Init)
    MX_TIM2_Init                             0x080023e1   Thumb Code   128  main.o(i.MX_TIM2_Init)
    i.MX_TIM4_Init                           0x08002464   Section        0  main.o(i.MX_TIM4_Init)
    MX_TIM4_Init                             0x08002465   Thumb Code   136  main.o(i.MX_TIM4_Init)
    i.MX_TIM5_Init                           0x080024f4   Section        0  main.o(i.MX_TIM5_Init)
    MX_TIM5_Init                             0x080024f5   Thumb Code   126  main.o(i.MX_TIM5_Init)
    i.MX_TIM8_Init                           0x0800257c   Section        0  main.o(i.MX_TIM8_Init)
    MX_TIM8_Init                             0x0800257d   Thumb Code   178  main.o(i.MX_TIM8_Init)
    i.MemManage_Handler                      0x08002638   Section        0  stm32f1xx_it.o(i.MemManage_Handler)
    i.NMI_Handler                            0x08002680   Section        0  stm32f1xx_it.o(i.NMI_Handler)
    i.NVIC_SetPriority                       0x08002682   Section        0  stm32f1xx_hal_cortex.o(i.NVIC_SetPriority)
    NVIC_SetPriority                         0x08002683   Thumb Code    32  stm32f1xx_hal_cortex.o(i.NVIC_SetPriority)
    i.PendSV_Handler                         0x080026a2   Section        0  stm32f1xx_it.o(i.PendSV_Handler)
    i.SDIO_ConfigData                        0x080026a4   Section        0  stm32f1xx_ll_sdmmc.o(i.SDIO_ConfigData)
    i.SDIO_GetPowerState                     0x080026c8   Section        0  stm32f1xx_ll_sdmmc.o(i.SDIO_GetPowerState)
    i.SDIO_GetResponse                       0x080026d0   Section        0  stm32f1xx_ll_sdmmc.o(i.SDIO_GetResponse)
    i.SDIO_Init                              0x080026dc   Section        0  stm32f1xx_ll_sdmmc.o(i.SDIO_Init)
    i.SDIO_PowerState_ON                     0x08002700   Section        0  stm32f1xx_ll_sdmmc.o(i.SDIO_PowerState_ON)
    i.SDIO_ReadFIFO                          0x08002708   Section        0  stm32f1xx_ll_sdmmc.o(i.SDIO_ReadFIFO)
    i.SDIO_SendCommand                       0x0800270e   Section        0  stm32f1xx_ll_sdmmc.o(i.SDIO_SendCommand)
    i.SDIO_WriteFIFO                         0x0800272e   Section        0  stm32f1xx_ll_sdmmc.o(i.SDIO_WriteFIFO)
    i.SDMMC_CmdAppCommand                    0x08002738   Section        0  stm32f1xx_ll_sdmmc.o(i.SDMMC_CmdAppCommand)
    i.SDMMC_CmdAppOperCommand                0x0800276c   Section        0  stm32f1xx_ll_sdmmc.o(i.SDMMC_CmdAppOperCommand)
    i.SDMMC_CmdBlockLength                   0x080027a0   Section        0  stm32f1xx_ll_sdmmc.o(i.SDMMC_CmdBlockLength)
    i.SDMMC_CmdGoIdleState                   0x080027d4   Section        0  stm32f1xx_ll_sdmmc.o(i.SDMMC_CmdGoIdleState)
    i.SDMMC_CmdOperCond                      0x08002824   Section        0  stm32f1xx_ll_sdmmc.o(i.SDMMC_CmdOperCond)
    i.SDMMC_CmdReadMultiBlock                0x0800288c   Section        0  stm32f1xx_ll_sdmmc.o(i.SDMMC_CmdReadMultiBlock)
    i.SDMMC_CmdReadSingleBlock               0x080028be   Section        0  stm32f1xx_ll_sdmmc.o(i.SDMMC_CmdReadSingleBlock)
    i.SDMMC_CmdSelDesel                      0x080028f0   Section        0  stm32f1xx_ll_sdmmc.o(i.SDMMC_CmdSelDesel)
    i.SDMMC_CmdSendCID                       0x08002922   Section        0  stm32f1xx_ll_sdmmc.o(i.SDMMC_CmdSendCID)
    i.SDMMC_CmdSendCSD                       0x0800294e   Section        0  stm32f1xx_ll_sdmmc.o(i.SDMMC_CmdSendCSD)
    i.SDMMC_CmdSendStatus                    0x0800297a   Section        0  stm32f1xx_ll_sdmmc.o(i.SDMMC_CmdSendStatus)
    i.SDMMC_CmdSetRelAdd                     0x080029ac   Section        0  stm32f1xx_ll_sdmmc.o(i.SDMMC_CmdSetRelAdd)
    i.SDMMC_CmdStopTransfer                  0x080029dc   Section        0  stm32f1xx_ll_sdmmc.o(i.SDMMC_CmdStopTransfer)
    i.SDMMC_CmdWriteMultiBlock               0x08002a10   Section        0  stm32f1xx_ll_sdmmc.o(i.SDMMC_CmdWriteMultiBlock)
    i.SDMMC_CmdWriteSingleBlock              0x08002a42   Section        0  stm32f1xx_ll_sdmmc.o(i.SDMMC_CmdWriteSingleBlock)
    i.SDMMC_GetCmdResp1                      0x08002a74   Section        0  stm32f1xx_ll_sdmmc.o(i.SDMMC_GetCmdResp1)
    SDMMC_GetCmdResp1                        0x08002a75   Thumb Code   276  stm32f1xx_ll_sdmmc.o(i.SDMMC_GetCmdResp1)
    i.SDMMC_GetCmdResp2                      0x08002b90   Section        0  stm32f1xx_ll_sdmmc.o(i.SDMMC_GetCmdResp2)
    SDMMC_GetCmdResp2                        0x08002b91   Thumb Code    74  stm32f1xx_ll_sdmmc.o(i.SDMMC_GetCmdResp2)
    i.SDMMC_GetCmdResp3                      0x08002be0   Section        0  stm32f1xx_ll_sdmmc.o(i.SDMMC_GetCmdResp3)
    SDMMC_GetCmdResp3                        0x08002be1   Thumb Code    60  stm32f1xx_ll_sdmmc.o(i.SDMMC_GetCmdResp3)
    i.SDMMC_GetCmdResp6                      0x08002c20   Section        0  stm32f1xx_ll_sdmmc.o(i.SDMMC_GetCmdResp6)
    SDMMC_GetCmdResp6                        0x08002c21   Thumb Code   128  stm32f1xx_ll_sdmmc.o(i.SDMMC_GetCmdResp6)
    i.SD_InitCard                            0x08002ca4   Section        0  stm32f1xx_hal_sd.o(i.SD_InitCard)
    SD_InitCard                              0x08002ca5   Thumb Code   230  stm32f1xx_hal_sd.o(i.SD_InitCard)
    i.SD_PowerON                             0x08002d8a   Section        0  stm32f1xx_hal_sd.o(i.SD_PowerON)
    SD_PowerON                               0x08002d8b   Thumb Code   162  stm32f1xx_hal_sd.o(i.SD_PowerON)
    i.SD_initialize                          0x08002e2c   Section        0  sd_diskio.o(i.SD_initialize)
    i.SD_ioctl                               0x08002e4c   Section        0  sd_diskio.o(i.SD_ioctl)
    i.SD_read                                0x08002e9c   Section        0  sd_diskio.o(i.SD_read)
    i.SD_status                              0x08002ed8   Section        0  sd_diskio.o(i.SD_status)
    i.SD_write                               0x08002ef8   Section        0  sd_diskio.o(i.SD_write)
    i.SVC_Handler                            0x08002f34   Section        0  stm32f1xx_it.o(i.SVC_Handler)
    i.SysTick_Handler                        0x08002f36   Section        0  stm32f1xx_it.o(i.SysTick_Handler)
    i.SystemClock_Config                     0x08002f3a   Section        0  main.o(i.SystemClock_Config)
    i.SystemInit                             0x08002f88   Section        0  system_stm32f1xx.o(i.SystemInit)
    i.TIM6_IRQHandler                        0x08002fd0   Section        0  stm32f1xx_it.o(i.TIM6_IRQHandler)
    i.TIM_Base_SetConfig                     0x08002fdc   Section        0  stm32f1xx_hal_tim.o(i.TIM_Base_SetConfig)
    i.TIM_CCxChannelCmd                      0x08003068   Section        0  stm32f1xx_hal_tim.o(i.TIM_CCxChannelCmd)
    i.TIM_ETR_SetConfig                      0x0800307e   Section        0  stm32f1xx_hal_tim.o(i.TIM_ETR_SetConfig)
    TIM_ETR_SetConfig                        0x0800307f   Thumb Code    20  stm32f1xx_hal_tim.o(i.TIM_ETR_SetConfig)
    i.TIM_ITRx_SetConfig                     0x08003092   Section        0  stm32f1xx_hal_tim.o(i.TIM_ITRx_SetConfig)
    TIM_ITRx_SetConfig                       0x08003093   Thumb Code    16  stm32f1xx_hal_tim.o(i.TIM_ITRx_SetConfig)
    i.TIM_OC1_SetConfig                      0x080030a4   Section        0  stm32f1xx_hal_tim.o(i.TIM_OC1_SetConfig)
    TIM_OC1_SetConfig                        0x080030a5   Thumb Code    88  stm32f1xx_hal_tim.o(i.TIM_OC1_SetConfig)
    i.TIM_OC2_SetConfig                      0x08003104   Section        0  stm32f1xx_hal_tim.o(i.TIM_OC2_SetConfig)
    i.TIM_OC3_SetConfig                      0x08003170   Section        0  stm32f1xx_hal_tim.o(i.TIM_OC3_SetConfig)
    TIM_OC3_SetConfig                        0x08003171   Thumb Code    96  stm32f1xx_hal_tim.o(i.TIM_OC3_SetConfig)
    i.TIM_OC4_SetConfig                      0x080031d8   Section        0  stm32f1xx_hal_tim.o(i.TIM_OC4_SetConfig)
    TIM_OC4_SetConfig                        0x080031d9   Thumb Code    70  stm32f1xx_hal_tim.o(i.TIM_OC4_SetConfig)
    i.TIM_TI1_ConfigInputStage               0x08003228   Section        0  stm32f1xx_hal_tim.o(i.TIM_TI1_ConfigInputStage)
    TIM_TI1_ConfigInputStage                 0x08003229   Thumb Code    34  stm32f1xx_hal_tim.o(i.TIM_TI1_ConfigInputStage)
    i.TIM_TI2_ConfigInputStage               0x0800324a   Section        0  stm32f1xx_hal_tim.o(i.TIM_TI2_ConfigInputStage)
    TIM_TI2_ConfigInputStage                 0x0800324b   Thumb Code    36  stm32f1xx_hal_tim.o(i.TIM_TI2_ConfigInputStage)
    i.UART_SetConfig                         0x08003270   Section        0  stm32f1xx_hal_uart.o(i.UART_SetConfig)
    UART_SetConfig                           0x08003271   Thumb Code   364  stm32f1xx_hal_uart.o(i.UART_SetConfig)
    i.UART_WaitOnFlagUntilTimeout            0x080033e0   Section        0  stm32f1xx_hal_uart.o(i.UART_WaitOnFlagUntilTimeout)
    UART_WaitOnFlagUntilTimeout              0x080033e1   Thumb Code   100  stm32f1xx_hal_uart.o(i.UART_WaitOnFlagUntilTimeout)
    i.UsageFault_Handler                     0x08003444   Section        0  stm32f1xx_it.o(i.UsageFault_Handler)
    i.__scatterload_copy                     0x08003446   Section       14  handlers.o(i.__scatterload_copy)
    i.__scatterload_null                     0x08003454   Section        2  handlers.o(i.__scatterload_null)
    i.__scatterload_zeroinit                 0x08003456   Section       14  handlers.o(i.__scatterload_zeroinit)
    i.check_fs                               0x08003464   Section        0  ff.o(i.check_fs)
    check_fs                                 0x08003465   Thumb Code    90  ff.o(i.check_fs)
    i.chk_lock                               0x080034c4   Section        0  ff.o(i.chk_lock)
    chk_lock                                 0x080034c5   Thumb Code   102  ff.o(i.chk_lock)
    i.clear_lock                             0x08003530   Section        0  ff.o(i.clear_lock)
    clear_lock                               0x08003531   Thumb Code    32  ff.o(i.clear_lock)
    i.clmt_clust                             0x08003554   Section        0  ff.o(i.clmt_clust)
    clmt_clust                               0x08003555   Thumb Code    42  ff.o(i.clmt_clust)
    i.clust2sect                             0x0800357e   Section        0  ff.o(i.clust2sect)
    i.create_chain                           0x0800359c   Section        0  ff.o(i.create_chain)
    create_chain                             0x0800359d   Thumb Code   176  ff.o(i.create_chain)
    i.create_name                            0x0800364c   Section        0  ff.o(i.create_name)
    create_name                              0x0800364d   Thumb Code   234  ff.o(i.create_name)
    i.data_shift_right_4                     0x0800374c   Section        0  main.o(i.data_shift_right_4)
    i.dec_lock                               0x08003784   Section        0  ff.o(i.dec_lock)
    dec_lock                                 0x08003785   Thumb Code    54  ff.o(i.dec_lock)
    i.dir_next                               0x080037c0   Section        0  ff.o(i.dir_next)
    dir_next                                 0x080037c1   Thumb Code   286  ff.o(i.dir_next)
    i.dir_register                           0x080038de   Section        0  ff.o(i.dir_register)
    dir_register                             0x080038df   Thumb Code   118  ff.o(i.dir_register)
    i.dir_sdi                                0x08003954   Section        0  ff.o(i.dir_sdi)
    dir_sdi                                  0x08003955   Thumb Code   152  ff.o(i.dir_sdi)
    i.disk_initialize                        0x080039ec   Section        0  diskio.o(i.disk_initialize)
    i.disk_ioctl                             0x08003a14   Section        0  diskio.o(i.disk_ioctl)
    i.disk_read                              0x08003a30   Section        0  diskio.o(i.disk_read)
    i.disk_status                            0x08003a4c   Section        0  diskio.o(i.disk_status)
    i.disk_write                             0x08003a64   Section        0  diskio.o(i.disk_write)
    i.f_close                                0x08003a80   Section        0  ff.o(i.f_close)
    i.f_lseek                                0x08003aac   Section        0  ff.o(i.f_lseek)
    i.f_mount                                0x08003d30   Section        0  ff.o(i.f_mount)
    i.f_open                                 0x08003d8c   Section        0  ff.o(i.f_open)
    i.f_read                                 0x08003f2c   Section        0  ff.o(i.f_read)
    i.f_sync                                 0x080040b8   Section        0  ff.o(i.f_sync)
    i.find_volume                            0x08004170   Section        0  ff.o(i.find_volume)
    find_volume                              0x08004171   Thumb Code   588  ff.o(i.find_volume)
    i.follow_path                            0x080043c8   Section        0  ff.o(i.follow_path)
    follow_path                              0x080043c9   Thumb Code   192  ff.o(i.follow_path)
    i.get_fat                                0x08004488   Section        0  ff.o(i.get_fat)
    i.get_fattime                            0x0800454a   Section        0  fatfs.o(i.get_fattime)
    i.get_ldnumber                           0x0800454e   Section        0  ff.o(i.get_ldnumber)
    get_ldnumber                             0x0800454f   Thumb Code    60  ff.o(i.get_ldnumber)
    i.inc_lock                               0x0800458c   Section        0  ff.o(i.inc_lock)
    inc_lock                                 0x0800458d   Thumb Code   154  ff.o(i.inc_lock)
    i.ld_clust                               0x0800462c   Section        0  ff.o(i.ld_clust)
    ld_clust                                 0x0800462d   Thumb Code    20  ff.o(i.ld_clust)
    i.led_d_face                             0x08004640   Section        0  main.o(i.led_d_face)
    i.led_startup                            0x080046b0   Section        0  main.o(i.led_startup)
    i.main                                   0x080046e4   Section        0  main.o(i.main)
    i.max_init                               0x080049c4   Section        0  main.o(i.max_init)
    i.mem_cpy                                0x080049f4   Section        0  ff.o(i.mem_cpy)
    mem_cpy                                  0x080049f5   Thumb Code    18  ff.o(i.mem_cpy)
    i.mem_set                                0x08004a06   Section        0  ff.o(i.mem_set)
    mem_set                                  0x08004a07   Thumb Code    14  ff.o(i.mem_set)
    i.move                                   0x08004a14   Section        0  main.o(i.move)
    i.move_window                            0x08004b48   Section        0  ff.o(i.move_window)
    move_window                              0x08004b49   Thumb Code    54  ff.o(i.move_window)
    i.player                                 0x08004b80   Section        0  main.o(i.player)
    i.pullData                               0x08004c14   Section        0  main.o(i.pullData)
    i.put_fat                                0x08004c38   Section        0  ff.o(i.put_fat)
    i.pwm_set                                0x08004d30   Section        0  main.o(i.pwm_set)
    i.remove_chain                           0x08004d58   Section        0  ff.o(i.remove_chain)
    remove_chain                             0x08004d59   Thumb Code   110  ff.o(i.remove_chain)
    i.servo_init_walking                     0x08004dc8   Section        0  main.o(i.servo_init_walking)
    i.servo_stand                            0x08004ec8   Section        0  main.o(i.servo_stand)
    i.servo_turn_left                        0x08005004   Section        0  main.o(i.servo_turn_left)
    i.servo_turn_right                       0x0800512c   Section        0  main.o(i.servo_turn_right)
    i.servo_walking_forward                  0x08005254   Section        0  main.o(i.servo_walking_forward)
    i.st_clust                               0x080053f0   Section        0  ff.o(i.st_clust)
    st_clust                                 0x080053f1   Thumb Code    16  ff.o(i.st_clust)
    i.sync_fs                                0x08005400   Section        0  ff.o(i.sync_fs)
    sync_fs                                  0x08005401   Thumb Code   182  ff.o(i.sync_fs)
    i.sync_window                            0x080054b6   Section        0  ff.o(i.sync_window)
    sync_window                              0x080054b7   Thumb Code    96  ff.o(i.sync_window)
    i.validate                               0x08005516   Section        0  ff.o(i.validate)
    validate                                 0x08005517   Thumb Code    44  ff.o(i.validate)
    i.write_byte                             0x08005544   Section        0  main.o(i.write_byte)
    i.write_max                              0x0800557c   Section        0  main.o(i.write_max)
    i.write_string                           0x080055ac   Section        0  main.o(i.write_string)
    .constdata                               0x080055f0   Section       16  system_stm32f1xx.o(.constdata)
    .constdata                               0x08005600   Section        8  system_stm32f1xx.o(.constdata)
    .constdata                               0x08005608   Section      172  ff.o(.constdata)
    ExCvt                                    0x08005608   Data         128  ff.o(.constdata)
    vst                                      0x08005688   Data          22  ff.o(.constdata)
    cst                                      0x0800569e   Data          22  ff.o(.constdata)
    .constdata                               0x080056b4   Section       20  sd_diskio.o(.constdata)
    .data                                    0x20000000   Section     8689  main.o(.data)
    .data                                    0x200021f1   Section        5  fatfs.o(.data)
    .data                                    0x200021f8   Section       12  stm32f1xx_hal.o(.data)
    .data                                    0x20002204   Section        4  system_stm32f1xx.o(.data)
    .data                                    0x20002208   Section        8  ff.o(.data)
    Fsid                                     0x20002208   Data           2  ff.o(.data)
    FatFs                                    0x2000220c   Data           4  ff.o(.data)
    .data                                    0x20002210   Section        1  sd_diskio.o(.data)
    Stat                                     0x20002210   Data           1  sd_diskio.o(.data)
    .bss                                     0x20002214   Section     1716  main.o(.bss)
    .bss                                     0x200028c8   Section       68  main.o(.bss)
    .bss                                     0x2000290c   Section       24  ff.o(.bss)
    Files                                    0x2000290c   Data          24  ff.o(.bss)
    .bss                                     0x20002924   Section       12  ff_gen_drv.o(.bss)
    STACK                                    0x20002930   Section    16384  startup_stm32f103xe.o(STACK)

    Global Symbols

    Symbol Name                              Value     Ov Type        Size  Object(Section)

    BuildAttributes$$THM_ISAv4$P$D$K$B$S$PE$A:L22UL41UL21$X:L11$S22US41US21$IEEE1$IW$USESV6$~STKCKD$USESV7$~SHL$OSPACE$EBA8$MICROLIB$REQ8$PRES8$EABIv2 0x00000000   Number         0  anon$$obj.o ABSOLUTE
    __ARM_use_no_argv                        0x00000000   Number         0  main.o ABSOLUTE
    __cpp_initialize__aeabi_                  - Undefined Weak Reference
    __cxa_finalize                            - Undefined Weak Reference
    _clock_init                               - Undefined Weak Reference
    _microlib_exit                            - Undefined Weak Reference
    __Vectors_Size                           0x00000130   Number         0  startup_stm32f103xe.o ABSOLUTE
    __Vectors                                0x08000000   Data           4  startup_stm32f103xe.o(RESET)
    __Vectors_End                            0x08000130   Data           0  startup_stm32f103xe.o(RESET)
    __main                                   0x08000131   Thumb Code     0  entry.o(.ARM.Collect$$$$00000000)
    _main_stk                                0x08000131   Thumb Code     0  entry2.o(.ARM.Collect$$$$00000001)
    _main_scatterload                        0x08000135   Thumb Code     0  entry5.o(.ARM.Collect$$$$00000004)
    __main_after_scatterload                 0x08000139   Thumb Code     0  entry5.o(.ARM.Collect$$$$00000004)
    _main_clock                              0x08000139   Thumb Code     0  entry7b.o(.ARM.Collect$$$$00000008)
    _main_cpp_init                           0x08000139   Thumb Code     0  entry8b.o(.ARM.Collect$$$$0000000A)
    _main_init                               0x08000139   Thumb Code     0  entry9a.o(.ARM.Collect$$$$0000000B)
    __rt_final_cpp                           0x08000141   Thumb Code     0  entry10a.o(.ARM.Collect$$$$0000000D)
    __rt_final_exit                          0x08000141   Thumb Code     0  entry11a.o(.ARM.Collect$$$$0000000F)
    Reset_Handler                            0x08000145   Thumb Code     8  startup_stm32f103xe.o(.text)
    ADC1_2_IRQHandler                        0x0800015f   Thumb Code     0  startup_stm32f103xe.o(.text)
    ADC3_IRQHandler                          0x0800015f   Thumb Code     0  startup_stm32f103xe.o(.text)
    CAN1_RX1_IRQHandler                      0x0800015f   Thumb Code     0  startup_stm32f103xe.o(.text)
    CAN1_SCE_IRQHandler                      0x0800015f   Thumb Code     0  startup_stm32f103xe.o(.text)
    DMA1_Channel1_IRQHandler                 0x0800015f   Thumb Code     0  startup_stm32f103xe.o(.text)
    DMA1_Channel2_IRQHandler                 0x0800015f   Thumb Code     0  startup_stm32f103xe.o(.text)
    DMA1_Channel3_IRQHandler                 0x0800015f   Thumb Code     0  startup_stm32f103xe.o(.text)
    DMA1_Channel4_IRQHandler                 0x0800015f   Thumb Code     0  startup_stm32f103xe.o(.text)
    DMA1_Channel5_IRQHandler                 0x0800015f   Thumb Code     0  startup_stm32f103xe.o(.text)
    DMA1_Channel6_IRQHandler                 0x0800015f   Thumb Code     0  startup_stm32f103xe.o(.text)
    DMA1_Channel7_IRQHandler                 0x0800015f   Thumb Code     0  startup_stm32f103xe.o(.text)
    DMA2_Channel1_IRQHandler                 0x0800015f   Thumb Code     0  startup_stm32f103xe.o(.text)
    DMA2_Channel2_IRQHandler                 0x0800015f   Thumb Code     0  startup_stm32f103xe.o(.text)
    DMA2_Channel4_5_IRQHandler               0x0800015f   Thumb Code     0  startup_stm32f103xe.o(.text)
    EXTI0_IRQHandler                         0x0800015f   Thumb Code     0  startup_stm32f103xe.o(.text)
    EXTI15_10_IRQHandler                     0x0800015f   Thumb Code     0  startup_stm32f103xe.o(.text)
    EXTI1_IRQHandler                         0x0800015f   Thumb Code     0  startup_stm32f103xe.o(.text)
    EXTI2_IRQHandler                         0x0800015f   Thumb Code     0  startup_stm32f103xe.o(.text)
    EXTI3_IRQHandler                         0x0800015f   Thumb Code     0  startup_stm32f103xe.o(.text)
    EXTI4_IRQHandler                         0x0800015f   Thumb Code     0  startup_stm32f103xe.o(.text)
    EXTI9_5_IRQHandler                       0x0800015f   Thumb Code     0  startup_stm32f103xe.o(.text)
    FLASH_IRQHandler                         0x0800015f   Thumb Code     0  startup_stm32f103xe.o(.text)
    FSMC_IRQHandler                          0x0800015f   Thumb Code     0  startup_stm32f103xe.o(.text)
    I2C1_ER_IRQHandler                       0x0800015f   Thumb Code     0  startup_stm32f103xe.o(.text)
    I2C1_EV_IRQHandler                       0x0800015f   Thumb Code     0  startup_stm32f103xe.o(.text)
    I2C2_ER_IRQHandler                       0x0800015f   Thumb Code     0  startup_stm32f103xe.o(.text)
    I2C2_EV_IRQHandler                       0x0800015f   Thumb Code     0  startup_stm32f103xe.o(.text)
    PVD_IRQHandler                           0x0800015f   Thumb Code     0  startup_stm32f103xe.o(.text)
    RCC_IRQHandler                           0x0800015f   Thumb Code     0  startup_stm32f103xe.o(.text)
    RTC_Alarm_IRQHandler                     0x0800015f   Thumb Code     0  startup_stm32f103xe.o(.text)
    RTC_IRQHandler                           0x0800015f   Thumb Code     0  startup_stm32f103xe.o(.text)
    SDIO_IRQHandler                          0x0800015f   Thumb Code     0  startup_stm32f103xe.o(.text)
    SPI1_IRQHandler                          0x0800015f   Thumb Code     0  startup_stm32f103xe.o(.text)
    SPI2_IRQHandler                          0x0800015f   Thumb Code     0  startup_stm32f103xe.o(.text)
    SPI3_IRQHandler                          0x0800015f   Thumb Code     0  startup_stm32f103xe.o(.text)
    TAMPER_IRQHandler                        0x0800015f   Thumb Code     0  startup_stm32f103xe.o(.text)
    TIM1_BRK_IRQHandler                      0x0800015f   Thumb Code     0  startup_stm32f103xe.o(.text)
    TIM1_CC_IRQHandler                       0x0800015f   Thumb Code     0  startup_stm32f103xe.o(.text)
    TIM1_TRG_COM_IRQHandler                  0x0800015f   Thumb Code     0  startup_stm32f103xe.o(.text)
    TIM1_UP_IRQHandler                       0x0800015f   Thumb Code     0  startup_stm32f103xe.o(.text)
    TIM2_IRQHandler                          0x0800015f   Thumb Code     0  startup_stm32f103xe.o(.text)
    TIM3_IRQHandler                          0x0800015f   Thumb Code     0  startup_stm32f103xe.o(.text)
    TIM4_IRQHandler                          0x0800015f   Thumb Code     0  startup_stm32f103xe.o(.text)
    TIM5_IRQHandler                          0x0800015f   Thumb Code     0  startup_stm32f103xe.o(.text)
    TIM7_IRQHandler                          0x0800015f   Thumb Code     0  startup_stm32f103xe.o(.text)
    TIM8_BRK_IRQHandler                      0x0800015f   Thumb Code     0  startup_stm32f103xe.o(.text)
    TIM8_CC_IRQHandler                       0x0800015f   Thumb Code     0  startup_stm32f103xe.o(.text)
    TIM8_TRG_COM_IRQHandler                  0x0800015f   Thumb Code     0  startup_stm32f103xe.o(.text)
    TIM8_UP_IRQHandler                       0x0800015f   Thumb Code     0  startup_stm32f103xe.o(.text)
    UART4_IRQHandler                         0x0800015f   Thumb Code     0  startup_stm32f103xe.o(.text)
    UART5_IRQHandler                         0x0800015f   Thumb Code     0  startup_stm32f103xe.o(.text)
    USART1_IRQHandler                        0x0800015f   Thumb Code     0  startup_stm32f103xe.o(.text)
    USART2_IRQHandler                        0x0800015f   Thumb Code     0  startup_stm32f103xe.o(.text)
    USART3_IRQHandler                        0x0800015f   Thumb Code     0  startup_stm32f103xe.o(.text)
    USBWakeUp_IRQHandler                     0x0800015f   Thumb Code     0  startup_stm32f103xe.o(.text)
    USB_HP_CAN1_TX_IRQHandler                0x0800015f   Thumb Code     0  startup_stm32f103xe.o(.text)
    USB_LP_CAN1_RX0_IRQHandler               0x0800015f   Thumb Code     0  startup_stm32f103xe.o(.text)
    WWDG_IRQHandler                          0x0800015f   Thumb Code     0  startup_stm32f103xe.o(.text)
    __aeabi_memset                           0x08000169   Thumb Code    14  memseta.o(.text)
    __aeabi_memset4                          0x08000169   Thumb Code     0  memseta.o(.text)
    __aeabi_memset8                          0x08000169   Thumb Code     0  memseta.o(.text)
    __aeabi_memclr                           0x08000177   Thumb Code     4  memseta.o(.text)
    __aeabi_memclr4                          0x08000177   Thumb Code     0  memseta.o(.text)
    __aeabi_memclr8                          0x08000177   Thumb Code     0  memseta.o(.text)
    _memset$wrapper                          0x0800017b   Thumb Code    18  memseta.o(.text)
    strcmp                                   0x0800018d   Thumb Code    28  strcmp.o(.text)
    strncmp                                  0x080001a9   Thumb Code    30  strncmp.o(.text)
    __scatterload                            0x080001c9   Thumb Code    28  init.o(.text)
    __scatterload_rt2                        0x080001c9   Thumb Code     0  init.o(.text)
    __decompress                             0x080001ed   Thumb Code     0  __dczerorl2.o(.text)
    __decompress1                            0x080001ed   Thumb Code    86  __dczerorl2.o(.text)
    BSP_SD_GetCardInfo                       0x08000245   Thumb Code     8  bsp_driver_sd.o(i.BSP_SD_GetCardInfo)
    BSP_SD_GetCardState                      0x08000251   Thumb Code    20  bsp_driver_sd.o(i.BSP_SD_GetCardState)
    BSP_SD_Init                              0x08000269   Thumb Code    30  bsp_driver_sd.o(i.BSP_SD_Init)
    BSP_SD_ReadBlocks                        0x0800028d   Thumb Code    26  bsp_driver_sd.o(i.BSP_SD_ReadBlocks)
    BSP_SD_WriteBlocks                       0x080002ad   Thumb Code    26  bsp_driver_sd.o(i.BSP_SD_WriteBlocks)
    BusFault_Handler                         0x080002cd   Thumb Code     2  stm32f1xx_it.o(i.BusFault_Handler)
    DAC_DMAConvCpltCh1                       0x080002cf   Thumb Code    16  stm32f1xx_hal_dac.o(i.DAC_DMAConvCpltCh1)
    DAC_DMAConvCpltCh2                       0x080002df   Thumb Code    16  stm32f1xx_hal_dac_ex.o(i.DAC_DMAConvCpltCh2)
    DAC_DMAErrorCh1                          0x080002ef   Thumb Code    24  stm32f1xx_hal_dac.o(i.DAC_DMAErrorCh1)
    DAC_DMAErrorCh2                          0x08000307   Thumb Code    24  stm32f1xx_hal_dac_ex.o(i.DAC_DMAErrorCh2)
    DAC_DMAHalfConvCpltCh1                   0x0800031f   Thumb Code    10  stm32f1xx_hal_dac.o(i.DAC_DMAHalfConvCpltCh1)
    DAC_DMAHalfConvCpltCh2                   0x08000329   Thumb Code    10  stm32f1xx_hal_dac_ex.o(i.DAC_DMAHalfConvCpltCh2)
    DMA2_Channel3_IRQHandler                 0x08000335   Thumb Code     6  stm32f1xx_it.o(i.DMA2_Channel3_IRQHandler)
    DebugMon_Handler                         0x0800036b   Thumb Code     2  stm32f1xx_it.o(i.DebugMon_Handler)
    Error_Handler                            0x0800036d   Thumb Code     2  main.o(i.Error_Handler)
    FATFS_LinkDriver                         0x0800036f   Thumb Code     6  ff_gen_drv.o(i.FATFS_LinkDriver)
    FATFS_LinkDriverEx                       0x08000375   Thumb Code    60  ff_gen_drv.o(i.FATFS_LinkDriverEx)
    HAL_DACEx_ConvCpltCallbackCh2            0x080003b5   Thumb Code     2  stm32f1xx_hal_dac_ex.o(i.HAL_DACEx_ConvCpltCallbackCh2)
    HAL_DACEx_ConvHalfCpltCallbackCh2        0x080003b7   Thumb Code     2  stm32f1xx_hal_dac_ex.o(i.HAL_DACEx_ConvHalfCpltCallbackCh2)
    HAL_DACEx_ErrorCallbackCh2               0x080003b9   Thumb Code     2  stm32f1xx_hal_dac_ex.o(i.HAL_DACEx_ErrorCallbackCh2)
    HAL_DAC_ConfigChannel                    0x080003bb   Thumb Code    66  stm32f1xx_hal_dac.o(i.HAL_DAC_ConfigChannel)
    HAL_DAC_ConvCpltCallbackCh1              0x080003fd   Thumb Code    70  main.o(i.HAL_DAC_ConvCpltCallbackCh1)
    HAL_DAC_ConvHalfCpltCallbackCh1          0x08000451   Thumb Code     2  stm32f1xx_hal_dac.o(i.HAL_DAC_ConvHalfCpltCallbackCh1)
    HAL_DAC_ErrorCallbackCh1                 0x08000453   Thumb Code     2  stm32f1xx_hal_dac.o(i.HAL_DAC_ErrorCallbackCh1)
    HAL_DAC_Init                             0x08000455   Thumb Code    40  stm32f1xx_hal_dac.o(i.HAL_DAC_Init)
    HAL_DAC_MspInit                          0x0800047d   Thumb Code   120  stm32f1xx_hal_msp.o(i.HAL_DAC_MspInit)
    HAL_DAC_Start                            0x08000509   Thumb Code    84  stm32f1xx_hal_dac.o(i.HAL_DAC_Start)
    HAL_DAC_Start_DMA                        0x0800055d   Thumb Code   210  stm32f1xx_hal_dac.o(i.HAL_DAC_Start_DMA)
    HAL_DAC_Stop_DMA                         0x08000649   Thumb Code    56  stm32f1xx_hal_dac.o(i.HAL_DAC_Stop_DMA)
    HAL_DMA_Abort                            0x08000681   Thumb Code    48  stm32f1xx_hal_dma.o(i.HAL_DMA_Abort)
    HAL_DMA_IRQHandler                       0x080006b1   Thumb Code   552  stm32f1xx_hal_dma.o(i.HAL_DMA_IRQHandler)
    HAL_DMA_Init                             0x080008f9   Thumb Code   112  stm32f1xx_hal_dma.o(i.HAL_DMA_Init)
    HAL_DMA_Start_IT                         0x08000975   Thumb Code   112  stm32f1xx_hal_dma.o(i.HAL_DMA_Start_IT)
    HAL_Delay                                0x080009e5   Thumb Code    32  stm32f1xx_hal.o(i.HAL_Delay)
    HAL_GPIO_Init                            0x08000a09   Thumb Code   446  stm32f1xx_hal_gpio.o(i.HAL_GPIO_Init)
    HAL_GPIO_ReadPin                         0x08000bf1   Thumb Code    10  stm32f1xx_hal_gpio.o(i.HAL_GPIO_ReadPin)
    HAL_GPIO_WritePin                        0x08000bfb   Thumb Code    10  stm32f1xx_hal_gpio.o(i.HAL_GPIO_WritePin)
    HAL_GetTick                              0x08000c05   Thumb Code     6  stm32f1xx_hal.o(i.HAL_GetTick)
    HAL_IncTick                              0x08000c11   Thumb Code    12  stm32f1xx_hal.o(i.HAL_IncTick)
    HAL_Init                                 0x08000c21   Thumb Code    32  stm32f1xx_hal.o(i.HAL_Init)
    HAL_InitTick                             0x08000c45   Thumb Code    54  stm32f1xx_hal.o(i.HAL_InitTick)
    HAL_MspInit                              0x08000c85   Thumb Code    52  stm32f1xx_hal_msp.o(i.HAL_MspInit)
    HAL_NVIC_EnableIRQ                       0x08000cc1   Thumb Code    22  stm32f1xx_hal_cortex.o(i.HAL_NVIC_EnableIRQ)
    HAL_NVIC_SetPriority                     0x08000cd9   Thumb Code    60  stm32f1xx_hal_cortex.o(i.HAL_NVIC_SetPriority)
    HAL_NVIC_SetPriorityGrouping             0x08000d19   Thumb Code    26  stm32f1xx_hal_cortex.o(i.HAL_NVIC_SetPriorityGrouping)
    HAL_RCC_ClockConfig                      0x08000d3d   Thumb Code   346  stm32f1xx_hal_rcc.o(i.HAL_RCC_ClockConfig)
    HAL_RCC_GetPCLK1Freq                     0x08000ea9   Thumb Code    20  stm32f1xx_hal_rcc.o(i.HAL_RCC_GetPCLK1Freq)
    HAL_RCC_GetPCLK2Freq                     0x08000ec9   Thumb Code    20  stm32f1xx_hal_rcc.o(i.HAL_RCC_GetPCLK2Freq)
    HAL_RCC_GetSysClockFreq                  0x08000ee9   Thumb Code    74  stm32f1xx_hal_rcc.o(i.HAL_RCC_GetSysClockFreq)
    HAL_RCC_OscConfig                        0x08000f55   Thumb Code   750  stm32f1xx_hal_rcc.o(i.HAL_RCC_OscConfig)
    HAL_SD_GetCardCSD                        0x08001259   Thumb Code   474  stm32f1xx_hal_sd.o(i.HAL_SD_GetCardCSD)
    HAL_SD_GetCardInfo                       0x08001433   Thumb Code    36  stm32f1xx_hal_sd.o(i.HAL_SD_GetCardInfo)
    HAL_SD_GetCardState                      0x08001457   Thumb Code    44  stm32f1xx_hal_sd.o(i.HAL_SD_GetCardState)
    HAL_SD_Init                              0x08001483   Thumb Code    54  stm32f1xx_hal_sd.o(i.HAL_SD_Init)
    HAL_SD_InitCard                          0x080014b9   Thumb Code    80  stm32f1xx_hal_sd.o(i.HAL_SD_InitCard)
    HAL_SD_MspInit                           0x0800150d   Thumb Code   114  stm32f1xx_hal_msp.o(i.HAL_SD_MspInit)
    HAL_SD_ReadBlocks                        0x08001591   Thumb Code   434  stm32f1xx_hal_sd.o(i.HAL_SD_ReadBlocks)
    HAL_SD_WriteBlocks                       0x08001745   Thumb Code   410  stm32f1xx_hal_sd.o(i.HAL_SD_WriteBlocks)
    HAL_SYSTICK_Config                       0x080018df   Thumb Code    40  stm32f1xx_hal_cortex.o(i.HAL_SYSTICK_Config)
    HAL_TIMEx_BreakCallback                  0x08001907   Thumb Code     2  stm32f1xx_hal_tim_ex.o(i.HAL_TIMEx_BreakCallback)
    HAL_TIMEx_CommutationCallback            0x08001909   Thumb Code     2  stm32f1xx_hal_tim_ex.o(i.HAL_TIMEx_CommutationCallback)
    HAL_TIMEx_ConfigBreakDeadTime            0x0800190b   Thumb Code    90  stm32f1xx_hal_tim_ex.o(i.HAL_TIMEx_ConfigBreakDeadTime)
    HAL_TIMEx_MasterConfigSynchronization    0x08001965   Thumb Code    80  stm32f1xx_hal_tim_ex.o(i.HAL_TIMEx_MasterConfigSynchronization)
    HAL_TIM_Base_Init                        0x080019b5   Thumb Code    54  stm32f1xx_hal_tim.o(i.HAL_TIM_Base_Init)
    HAL_TIM_Base_MspInit                     0x080019ed   Thumb Code   160  stm32f1xx_hal_msp.o(i.HAL_TIM_Base_MspInit)
    HAL_TIM_Base_Start                       0x08001aa5   Thumb Code    26  stm32f1xx_hal_tim.o(i.HAL_TIM_Base_Start)
    HAL_TIM_Base_Start_IT                    0x08001abf   Thumb Code    24  stm32f1xx_hal_tim.o(i.HAL_TIM_Base_Start_IT)
    HAL_TIM_Base_Stop                        0x08001ad7   Thumb Code    44  stm32f1xx_hal_tim.o(i.HAL_TIM_Base_Stop)
    HAL_TIM_ConfigClockSource                0x08001b03   Thumb Code   242  stm32f1xx_hal_tim.o(i.HAL_TIM_ConfigClockSource)
    HAL_TIM_IC_CaptureCallback               0x08001bf5   Thumb Code     2  stm32f1xx_hal_tim.o(i.HAL_TIM_IC_CaptureCallback)
    HAL_TIM_IRQHandler                       0x08001bf7   Thumb Code   358  stm32f1xx_hal_tim.o(i.HAL_TIM_IRQHandler)
    HAL_TIM_MspPostInit                      0x08001d5d   Thumb Code   268  stm32f1xx_hal_msp.o(i.HAL_TIM_MspPostInit)
    HAL_TIM_OC_DelayElapsedCallback          0x08001e95   Thumb Code     2  stm32f1xx_hal_tim.o(i.HAL_TIM_OC_DelayElapsedCallback)
    HAL_TIM_PWM_ConfigChannel                0x08001e97   Thumb Code   208  stm32f1xx_hal_tim.o(i.HAL_TIM_PWM_ConfigChannel)
    HAL_TIM_PWM_Init                         0x08001f67   Thumb Code    54  stm32f1xx_hal_tim.o(i.HAL_TIM_PWM_Init)
    HAL_TIM_PWM_MspInit                      0x08001f9d   Thumb Code     2  stm32f1xx_hal_tim.o(i.HAL_TIM_PWM_MspInit)
    HAL_TIM_PWM_PulseFinishedCallback        0x08001f9f   Thumb Code     2  stm32f1xx_hal_tim.o(i.HAL_TIM_PWM_PulseFinishedCallback)
    HAL_TIM_PWM_Start                        0x08001fa1   Thumb Code    48  stm32f1xx_hal_tim.o(i.HAL_TIM_PWM_Start)
    HAL_TIM_PeriodElapsedCallback            0x08001fd9   Thumb Code     2  stm32f1xx_hal_tim.o(i.HAL_TIM_PeriodElapsedCallback)
    HAL_TIM_TriggerCallback                  0x08001fdb   Thumb Code     2  stm32f1xx_hal_tim.o(i.HAL_TIM_TriggerCallback)
    HAL_UART_Init                            0x08001fdd   Thumb Code    98  stm32f1xx_hal_uart.o(i.HAL_UART_Init)
    HAL_UART_MspInit                         0x08002041   Thumb Code   100  stm32f1xx_hal_msp.o(i.HAL_UART_MspInit)
    HAL_UART_Receive                         0x080020b1   Thumb Code   184  stm32f1xx_hal_uart.o(i.HAL_UART_Receive)
    HAL_UART_Transmit                        0x08002169   Thumb Code   186  stm32f1xx_hal_uart.o(i.HAL_UART_Transmit)
    HardFault_Handler                        0x08002225   Thumb Code     8  stm32f1xx_it.o(i.HardFault_Handler)
    MX_FATFS_Init                            0x08002231   Thumb Code    18  fatfs.o(i.MX_FATFS_Init)
    MemManage_Handler                        0x08002639   Thumb Code    58  stm32f1xx_it.o(i.MemManage_Handler)
    NMI_Handler                              0x08002681   Thumb Code     2  stm32f1xx_it.o(i.NMI_Handler)
    PendSV_Handler                           0x080026a3   Thumb Code     2  stm32f1xx_it.o(i.PendSV_Handler)
    SDIO_ConfigData                          0x080026a5   Thumb Code    36  stm32f1xx_ll_sdmmc.o(i.SDIO_ConfigData)
    SDIO_GetPowerState                       0x080026c9   Thumb Code     8  stm32f1xx_ll_sdmmc.o(i.SDIO_GetPowerState)
    SDIO_GetResponse                         0x080026d1   Thumb Code    12  stm32f1xx_ll_sdmmc.o(i.SDIO_GetResponse)
    SDIO_Init                                0x080026dd   Thumb Code    36  stm32f1xx_ll_sdmmc.o(i.SDIO_Init)
    SDIO_PowerState_ON                       0x08002701   Thumb Code     8  stm32f1xx_ll_sdmmc.o(i.SDIO_PowerState_ON)
    SDIO_ReadFIFO                            0x08002709   Thumb Code     6  stm32f1xx_ll_sdmmc.o(i.SDIO_ReadFIFO)
    SDIO_SendCommand                         0x0800270f   Thumb Code    32  stm32f1xx_ll_sdmmc.o(i.SDIO_SendCommand)
    SDIO_WriteFIFO                           0x0800272f   Thumb Code    10  stm32f1xx_ll_sdmmc.o(i.SDIO_WriteFIFO)
    SDMMC_CmdAppCommand                      0x08002739   Thumb Code    50  stm32f1xx_ll_sdmmc.o(i.SDMMC_CmdAppCommand)
    SDMMC_CmdAppOperCommand                  0x0800276d   Thumb Code    48  stm32f1xx_ll_sdmmc.o(i.SDMMC_CmdAppOperCommand)
    SDMMC_CmdBlockLength                     0x080027a1   Thumb Code    50  stm32f1xx_ll_sdmmc.o(i.SDMMC_CmdBlockLength)
    SDMMC_CmdGoIdleState                     0x080027d5   Thumb Code    76  stm32f1xx_ll_sdmmc.o(i.SDMMC_CmdGoIdleState)
    SDMMC_CmdOperCond                        0x08002825   Thumb Code    98  stm32f1xx_ll_sdmmc.o(i.SDMMC_CmdOperCond)
    SDMMC_CmdReadMultiBlock                  0x0800288d   Thumb Code    50  stm32f1xx_ll_sdmmc.o(i.SDMMC_CmdReadMultiBlock)
    SDMMC_CmdReadSingleBlock                 0x080028bf   Thumb Code    50  stm32f1xx_ll_sdmmc.o(i.SDMMC_CmdReadSingleBlock)
    SDMMC_CmdSelDesel                        0x080028f1   Thumb Code    50  stm32f1xx_ll_sdmmc.o(i.SDMMC_CmdSelDesel)
    SDMMC_CmdSendCID                         0x08002923   Thumb Code    44  stm32f1xx_ll_sdmmc.o(i.SDMMC_CmdSendCID)
    SDMMC_CmdSendCSD                         0x0800294f   Thumb Code    44  stm32f1xx_ll_sdmmc.o(i.SDMMC_CmdSendCSD)
    SDMMC_CmdSendStatus                      0x0800297b   Thumb Code    50  stm32f1xx_ll_sdmmc.o(i.SDMMC_CmdSendStatus)
    SDMMC_CmdSetRelAdd                       0x080029ad   Thumb Code    48  stm32f1xx_ll_sdmmc.o(i.SDMMC_CmdSetRelAdd)
    SDMMC_CmdStopTransfer                    0x080029dd   Thumb Code    46  stm32f1xx_ll_sdmmc.o(i.SDMMC_CmdStopTransfer)
    SDMMC_CmdWriteMultiBlock                 0x08002a11   Thumb Code    50  stm32f1xx_ll_sdmmc.o(i.SDMMC_CmdWriteMultiBlock)
    SDMMC_CmdWriteSingleBlock                0x08002a43   Thumb Code    50  stm32f1xx_ll_sdmmc.o(i.SDMMC_CmdWriteSingleBlock)
    SD_initialize                            0x08002e2d   Thumb Code    26  sd_diskio.o(i.SD_initialize)
    SD_ioctl                                 0x08002e4d   Thumb Code    74  sd_diskio.o(i.SD_ioctl)
    SD_read                                  0x08002e9d   Thumb Code    52  sd_diskio.o(i.SD_read)
    SD_status                                0x08002ed9   Thumb Code    26  sd_diskio.o(i.SD_status)
    SD_write                                 0x08002ef9   Thumb Code    52  sd_diskio.o(i.SD_write)
    SVC_Handler                              0x08002f35   Thumb Code     2  stm32f1xx_it.o(i.SVC_Handler)
    SysTick_Handler                          0x08002f37   Thumb Code     4  stm32f1xx_it.o(i.SysTick_Handler)
    SystemClock_Config                       0x08002f3b   Thumb Code    78  main.o(i.SystemClock_Config)
    SystemInit                               0x08002f89   Thumb Code    56  system_stm32f1xx.o(i.SystemInit)
    TIM6_IRQHandler                          0x08002fd1   Thumb Code     6  stm32f1xx_it.o(i.TIM6_IRQHandler)
    TIM_Base_SetConfig                       0x08002fdd   Thumb Code   120  stm32f1xx_hal_tim.o(i.TIM_Base_SetConfig)
    TIM_CCxChannelCmd                        0x08003069   Thumb Code    22  stm32f1xx_hal_tim.o(i.TIM_CCxChannelCmd)
    TIM_OC2_SetConfig                        0x08003105   Thumb Code    98  stm32f1xx_hal_tim.o(i.TIM_OC2_SetConfig)
    UsageFault_Handler                       0x08003445   Thumb Code     2  stm32f1xx_it.o(i.UsageFault_Handler)
    __scatterload_copy                       0x08003447   Thumb Code    14  handlers.o(i.__scatterload_copy)
    __scatterload_null                       0x08003455   Thumb Code     2  handlers.o(i.__scatterload_null)
    __scatterload_zeroinit                   0x08003457   Thumb Code    14  handlers.o(i.__scatterload_zeroinit)
    clust2sect                               0x0800357f   Thumb Code    30  ff.o(i.clust2sect)
    data_shift_right_4                       0x0800374d   Thumb Code    52  main.o(i.data_shift_right_4)
    disk_initialize                          0x080039ed   Thumb Code    36  diskio.o(i.disk_initialize)
    disk_ioctl                               0x08003a15   Thumb Code    24  diskio.o(i.disk_ioctl)
    disk_read                                0x08003a31   Thumb Code    24  diskio.o(i.disk_read)
    disk_status                              0x08003a4d   Thumb Code    18  diskio.o(i.disk_status)
    disk_write                               0x08003a65   Thumb Code    24  diskio.o(i.disk_write)
    f_close                                  0x08003a81   Thumb Code    42  ff.o(i.f_close)
    f_lseek                                  0x08003aad   Thumb Code   644  ff.o(i.f_lseek)
    f_mount                                  0x08003d31   Thumb Code    88  ff.o(i.f_mount)
    f_open                                   0x08003d8d   Thumb Code   412  ff.o(i.f_open)
    f_read                                   0x08003f2d   Thumb Code   396  ff.o(i.f_read)
    f_sync                                   0x080040b9   Thumb Code   184  ff.o(i.f_sync)
    get_fat                                  0x08004489   Thumb Code   194  ff.o(i.get_fat)
    get_fattime                              0x0800454b   Thumb Code     4  fatfs.o(i.get_fattime)
    led_d_face                               0x08004641   Thumb Code   108  main.o(i.led_d_face)
    led_startup                              0x080046b1   Thumb Code    48  main.o(i.led_startup)
    main                                     0x080046e5   Thumb Code   674  main.o(i.main)
    max_init                                 0x080049c5   Thumb Code    46  main.o(i.max_init)
    move                                     0x08004a15   Thumb Code   254  main.o(i.move)
    player                                   0x08004b81   Thumb Code   124  main.o(i.player)
    pullData                                 0x08004c15   Thumb Code    26  main.o(i.pullData)
    put_fat                                  0x08004c39   Thumb Code   248  ff.o(i.put_fat)
    pwm_set                                  0x08004d31   Thumb Code    40  main.o(i.pwm_set)
    servo_init_walking                       0x08004dc9   Thumb Code   208  main.o(i.servo_init_walking)
    servo_stand                              0x08004ec9   Thumb Code   298  main.o(i.servo_stand)
    servo_turn_left                          0x08005005   Thumb Code   290  main.o(i.servo_turn_left)
    servo_turn_right                         0x0800512d   Thumb Code   290  main.o(i.servo_turn_right)
    servo_walking_forward                    0x08005255   Thumb Code   362  main.o(i.servo_walking_forward)
    write_byte                               0x08005545   Thumb Code    52  main.o(i.write_byte)
    write_max                                0x0800557d   Thumb Code    44  main.o(i.write_max)
    write_string                             0x080055ad   Thumb Code    62  main.o(i.write_string)
    AHBPrescTable                            0x080055f0   Data          16  system_stm32f1xx.o(.constdata)
    APBPrescTable                            0x08005600   Data           8  system_stm32f1xx.o(.constdata)
    SD_Driver                                0x080056b4   Data          20  sd_diskio.o(.constdata)
    Region$$Table$$Base                      0x080056c8   Number         0  anon$$obj.o(Region$$Table)
    Region$$Table$$Limit                     0x080056e8   Number         0  anon$$obj.o(Region$$Table)
    Rxstr                                    0x20000000   Data           1  main.o(.data)
    t1                                       0x20000004   Data           4  main.o(.data)
    t2                                       0x20000008   Data           4  main.o(.data)
    t3                                       0x2000000c   Data           4  main.o(.data)
    t4                                       0x20000010   Data           4  main.o(.data)
    t5                                       0x20000014   Data           4  main.o(.data)
    ch1                                      0x20000018   Data           4  main.o(.data)
    ch2                                      0x2000001c   Data           4  main.o(.data)
    ch3                                      0x20000020   Data           4  main.o(.data)
    ch4                                      0x20000024   Data           4  main.o(.data)
    numberofbytes                            0x20000028   Data           4  main.o(.data)
    disp1ay                                  0x2000002c   Data         304  main.o(.data)
    setup_seq                                0x2000015c   Data          72  main.o(.data)
    d                                        0x200001a4   Data          63  main.o(.data)
    wav_buffer1                              0x200001e4   Data        8190  main.o(.data)
    strK2                                    0x200021e2   Data          15  main.o(.data)
    retSD                                    0x200021f1   Data           1  fatfs.o(.data)
    SDPath                                   0x200021f2   Data           4  fatfs.o(.data)
    uwTickFreq                               0x200021f8   Data           1  stm32f1xx_hal.o(.data)
    uwTickPrio                               0x200021fc   Data           4  stm32f1xx_hal.o(.data)
    uwTick                                   0x20002200   Data           4  stm32f1xx_hal.o(.data)
    SystemCoreClock                          0x20002204   Data           4  system_stm32f1xx.o(.data)
    htim1                                    0x20002214   Data          64  main.o(.bss)
    htim2                                    0x20002254   Data          64  main.o(.bss)
    htim4                                    0x20002294   Data          64  main.o(.bss)
    htim5                                    0x200022d4   Data          64  main.o(.bss)
    htim8                                    0x20002314   Data          64  main.o(.bss)
    myFILE                                   0x20002354   Data         556  main.o(.bss)
    hdac                                     0x20002580   Data          20  main.o(.bss)
    hsd                                      0x20002594   Data         132  main.o(.bss)
    htim6                                    0x20002618   Data          64  main.o(.bss)
    huart1                                   0x20002658   Data          64  main.o(.bss)
    myFATFS                                  0x20002698   Data         560  main.o(.bss)
    hdma_dac_ch1                             0x200028c8   Data          68  main.o(.bss)
    disk                                     0x20002924   Data          12  ff_gen_drv.o(.bss)
    __initial_sp                             0x20006930   Data           0  startup_stm32f103xe.o(STACK)



==============================================================================

Memory Map of the image

  Image Entry point : 0x08000131

  Load Region LR_IROM1 (Base: 0x08000000, Size: 0x000078fc, Max: 0x00080000, ABSOLUTE, COMPRESSED[0x00005894])

    Execution Region ER_IROM1 (Base: 0x08000000, Size: 0x000056e8, Max: 0x00080000, ABSOLUTE)

    Base Addr    Size         Type   Attr      Idx    E Section Name        Object

    0x08000000   0x00000130   Data   RO            3    RESET               startup_stm32f103xe.o
    0x08000130   0x00000000   Code   RO         4064  * .ARM.Collect$$$$00000000  mc_w.l(entry.o)
    0x08000130   0x00000004   Code   RO         4075    .ARM.Collect$$$$00000001  mc_w.l(entry2.o)
    0x08000134   0x00000004   Code   RO         4078    .ARM.Collect$$$$00000004  mc_w.l(entry5.o)
    0x08000138   0x00000000   Code   RO         4080    .ARM.Collect$$$$00000008  mc_w.l(entry7b.o)
    0x08000138   0x00000000   Code   RO         4082    .ARM.Collect$$$$0000000A  mc_w.l(entry8b.o)
    0x08000138   0x00000008   Code   RO         4083    .ARM.Collect$$$$0000000B  mc_w.l(entry9a.o)
    0x08000140   0x00000000   Code   RO         4085    .ARM.Collect$$$$0000000D  mc_w.l(entry10a.o)
    0x08000140   0x00000000   Code   RO         4087    .ARM.Collect$$$$0000000F  mc_w.l(entry11a.o)
    0x08000140   0x00000004   Code   RO         4076    .ARM.Collect$$$$00002712  mc_w.l(entry2.o)
    0x08000144   0x00000024   Code   RO            4    .text               startup_stm32f103xe.o
    0x08000168   0x00000024   Code   RO         4069    .text               mc_w.l(memseta.o)
    0x0800018c   0x0000001c   Code   RO         4071    .text               mc_w.l(strcmp.o)
    0x080001a8   0x0000001e   Code   RO         4073    .text               mc_w.l(strncmp.o)
    0x080001c6   0x00000002   PAD
    0x080001c8   0x00000024   Code   RO         4089    .text               mc_w.l(init.o)
    0x080001ec   0x00000056   Code   RO         4099    .text               mc_w.l(__dczerorl2.o)
    0x08000242   0x00000002   PAD
    0x08000244   0x0000000c   Code   RO          344    i.BSP_SD_GetCardInfo  bsp_driver_sd.o
    0x08000250   0x00000018   Code   RO          345    i.BSP_SD_GetCardState  bsp_driver_sd.o
    0x08000268   0x00000024   Code   RO          348    i.BSP_SD_Init       bsp_driver_sd.o
    0x0800028c   0x00000020   Code   RO          350    i.BSP_SD_ReadBlocks  bsp_driver_sd.o
    0x080002ac   0x00000020   Code   RO          353    i.BSP_SD_WriteBlocks  bsp_driver_sd.o
    0x080002cc   0x00000002   Code   RO          520    i.BusFault_Handler  stm32f1xx_it.o
    0x080002ce   0x00000010   Code   RO          723    i.DAC_DMAConvCpltCh1  stm32f1xx_hal_dac.o
    0x080002de   0x00000010   Code   RO          855    i.DAC_DMAConvCpltCh2  stm32f1xx_hal_dac_ex.o
    0x080002ee   0x00000018   Code   RO          724    i.DAC_DMAErrorCh1   stm32f1xx_hal_dac.o
    0x08000306   0x00000018   Code   RO          856    i.DAC_DMAErrorCh2   stm32f1xx_hal_dac_ex.o
    0x0800031e   0x0000000a   Code   RO          725    i.DAC_DMAHalfConvCpltCh1  stm32f1xx_hal_dac.o
    0x08000328   0x0000000a   Code   RO          857    i.DAC_DMAHalfConvCpltCh2  stm32f1xx_hal_dac_ex.o
    0x08000332   0x00000002   PAD
    0x08000334   0x0000000c   Code   RO          521    i.DMA2_Channel3_IRQHandler  stm32f1xx_it.o
    0x08000340   0x0000002a   Code   RO         2988    i.DMA_SetConfig     stm32f1xx_hal_dma.o
    0x0800036a   0x00000002   Code   RO          522    i.DebugMon_Handler  stm32f1xx_it.o
    0x0800036c   0x00000002   Code   RO           13    i.Error_Handler     main.o
    0x0800036e   0x00000006   Code   RO         3927    i.FATFS_LinkDriver  ff_gen_drv.o
    0x08000374   0x00000040   Code   RO         3928    i.FATFS_LinkDriverEx  ff_gen_drv.o
    0x080003b4   0x00000002   Code   RO          858    i.HAL_DACEx_ConvCpltCallbackCh2  stm32f1xx_hal_dac_ex.o
    0x080003b6   0x00000002   Code   RO          859    i.HAL_DACEx_ConvHalfCpltCallbackCh2  stm32f1xx_hal_dac_ex.o
    0x080003b8   0x00000002   Code   RO          862    i.HAL_DACEx_ErrorCallbackCh2  stm32f1xx_hal_dac_ex.o
    0x080003ba   0x00000042   Code   RO          726    i.HAL_DAC_ConfigChannel  stm32f1xx_hal_dac.o
    0x080003fc   0x00000054   Code   RO           14    i.HAL_DAC_ConvCpltCallbackCh1  main.o
    0x08000450   0x00000002   Code   RO          728    i.HAL_DAC_ConvHalfCpltCallbackCh1  stm32f1xx_hal_dac.o
    0x08000452   0x00000002   Code   RO          730    i.HAL_DAC_ErrorCallbackCh1  stm32f1xx_hal_dac.o
    0x08000454   0x00000028   Code   RO          734    i.HAL_DAC_Init      stm32f1xx_hal_dac.o
    0x0800047c   0x0000008c   Code   RO          609    i.HAL_DAC_MspInit   stm32f1xx_hal_msp.o
    0x08000508   0x00000054   Code   RO          738    i.HAL_DAC_Start     stm32f1xx_hal_dac.o
    0x0800055c   0x000000ec   Code   RO          739    i.HAL_DAC_Start_DMA  stm32f1xx_hal_dac.o
    0x08000648   0x00000038   Code   RO          741    i.HAL_DAC_Stop_DMA  stm32f1xx_hal_dac.o
    0x08000680   0x00000030   Code   RO         2989    i.HAL_DMA_Abort     stm32f1xx_hal_dma.o
    0x080006b0   0x00000248   Code   RO         2994    i.HAL_DMA_IRQHandler  stm32f1xx_hal_dma.o
    0x080008f8   0x0000007c   Code   RO         2995    i.HAL_DMA_Init      stm32f1xx_hal_dma.o
    0x08000974   0x00000070   Code   RO         2999    i.HAL_DMA_Start_IT  stm32f1xx_hal_dma.o
    0x080009e4   0x00000024   Code   RO         2629    i.HAL_Delay         stm32f1xx_hal.o
    0x08000a08   0x000001e8   Code   RO         2925    i.HAL_GPIO_Init     stm32f1xx_hal_gpio.o
    0x08000bf0   0x0000000a   Code   RO         2927    i.HAL_GPIO_ReadPin  stm32f1xx_hal_gpio.o
    0x08000bfa   0x0000000a   Code   RO         2929    i.HAL_GPIO_WritePin  stm32f1xx_hal_gpio.o
    0x08000c04   0x0000000c   Code   RO         2633    i.HAL_GetTick       stm32f1xx_hal.o
    0x08000c10   0x00000010   Code   RO         2637    i.HAL_IncTick       stm32f1xx_hal.o
    0x08000c20   0x00000024   Code   RO         2638    i.HAL_Init          stm32f1xx_hal.o
    0x08000c44   0x00000040   Code   RO         2639    i.HAL_InitTick      stm32f1xx_hal.o
    0x08000c84   0x0000003c   Code   RO          610    i.HAL_MspInit       stm32f1xx_hal_msp.o
    0x08000cc0   0x00000016   Code   RO         3085    i.HAL_NVIC_EnableIRQ  stm32f1xx_hal_cortex.o
    0x08000cd6   0x00000002   PAD
    0x08000cd8   0x00000040   Code   RO         3091    i.HAL_NVIC_SetPriority  stm32f1xx_hal_cortex.o
    0x08000d18   0x00000024   Code   RO         3092    i.HAL_NVIC_SetPriorityGrouping  stm32f1xx_hal_cortex.o
    0x08000d3c   0x0000016c   Code   RO         2785    i.HAL_RCC_ClockConfig  stm32f1xx_hal_rcc.o
    0x08000ea8   0x00000020   Code   RO         2792    i.HAL_RCC_GetPCLK1Freq  stm32f1xx_hal_rcc.o
    0x08000ec8   0x00000020   Code   RO         2793    i.HAL_RCC_GetPCLK2Freq  stm32f1xx_hal_rcc.o
    0x08000ee8   0x0000006c   Code   RO         2794    i.HAL_RCC_GetSysClockFreq  stm32f1xx_hal_rcc.o
    0x08000f54   0x00000304   Code   RO         2797    i.HAL_RCC_OscConfig  stm32f1xx_hal_rcc.o
    0x08001258   0x000001da   Code   RO         1205    i.HAL_SD_GetCardCSD  stm32f1xx_hal_sd.o
    0x08001432   0x00000024   Code   RO         1206    i.HAL_SD_GetCardInfo  stm32f1xx_hal_sd.o
    0x08001456   0x0000002c   Code   RO         1207    i.HAL_SD_GetCardState  stm32f1xx_hal_sd.o
    0x08001482   0x00000036   Code   RO         1212    i.HAL_SD_Init       stm32f1xx_hal_sd.o
    0x080014b8   0x00000054   Code   RO         1213    i.HAL_SD_InitCard   stm32f1xx_hal_sd.o
    0x0800150c   0x00000084   Code   RO          612    i.HAL_SD_MspInit    stm32f1xx_hal_msp.o
    0x08001590   0x000001b2   Code   RO         1216    i.HAL_SD_ReadBlocks  stm32f1xx_hal_sd.o
    0x08001742   0x00000002   PAD
    0x08001744   0x0000019a   Code   RO         1221    i.HAL_SD_WriteBlocks  stm32f1xx_hal_sd.o
    0x080018de   0x00000028   Code   RO         3096    i.HAL_SYSTICK_Config  stm32f1xx_hal_cortex.o
    0x08001906   0x00000002   Code   RO         2063    i.HAL_TIMEx_BreakCallback  stm32f1xx_hal_tim_ex.o
    0x08001908   0x00000002   Code   RO         2064    i.HAL_TIMEx_CommutationCallback  stm32f1xx_hal_tim_ex.o
    0x0800190a   0x0000005a   Code   RO         2065    i.HAL_TIMEx_ConfigBreakDeadTime  stm32f1xx_hal_tim_ex.o
    0x08001964   0x00000050   Code   RO         2080    i.HAL_TIMEx_MasterConfigSynchronization  stm32f1xx_hal_tim_ex.o
    0x080019b4   0x00000036   Code   RO         1434    i.HAL_TIM_Base_Init  stm32f1xx_hal_tim.o
    0x080019ea   0x00000002   PAD
    0x080019ec   0x000000b8   Code   RO          614    i.HAL_TIM_Base_MspInit  stm32f1xx_hal_msp.o
    0x08001aa4   0x0000001a   Code   RO         1437    i.HAL_TIM_Base_Start  stm32f1xx_hal_tim.o
    0x08001abe   0x00000018   Code   RO         1439    i.HAL_TIM_Base_Start_IT  stm32f1xx_hal_tim.o
    0x08001ad6   0x0000002c   Code   RO         1440    i.HAL_TIM_Base_Stop  stm32f1xx_hal_tim.o
    0x08001b02   0x000000f2   Code   RO         1443    i.HAL_TIM_ConfigClockSource  stm32f1xx_hal_tim.o
    0x08001bf4   0x00000002   Code   RO         1463    i.HAL_TIM_IC_CaptureCallback  stm32f1xx_hal_tim.o
    0x08001bf6   0x00000166   Code   RO         1476    i.HAL_TIM_IRQHandler  stm32f1xx_hal_tim.o
    0x08001d5c   0x00000138   Code   RO          615    i.HAL_TIM_MspPostInit  stm32f1xx_hal_msp.o
    0x08001e94   0x00000002   Code   RO         1479    i.HAL_TIM_OC_DelayElapsedCallback  stm32f1xx_hal_tim.o
    0x08001e96   0x000000d0   Code   RO         1500    i.HAL_TIM_PWM_ConfigChannel  stm32f1xx_hal_tim.o
    0x08001f66   0x00000036   Code   RO         1503    i.HAL_TIM_PWM_Init  stm32f1xx_hal_tim.o
    0x08001f9c   0x00000002   Code   RO         1505    i.HAL_TIM_PWM_MspInit  stm32f1xx_hal_tim.o
    0x08001f9e   0x00000002   Code   RO         1506    i.HAL_TIM_PWM_PulseFinishedCallback  stm32f1xx_hal_tim.o
    0x08001fa0   0x00000038   Code   RO         1507    i.HAL_TIM_PWM_Start  stm32f1xx_hal_tim.o
    0x08001fd8   0x00000002   Code   RO         1513    i.HAL_TIM_PeriodElapsedCallback  stm32f1xx_hal_tim.o
    0x08001fda   0x00000002   Code   RO         1517    i.HAL_TIM_TriggerCallback  stm32f1xx_hal_tim.o
    0x08001fdc   0x00000062   Code   RO         2321    i.HAL_UART_Init     stm32f1xx_hal_uart.o
    0x0800203e   0x00000002   PAD
    0x08002040   0x00000070   Code   RO          617    i.HAL_UART_MspInit  stm32f1xx_hal_msp.o
    0x080020b0   0x000000b8   Code   RO         2324    i.HAL_UART_Receive  stm32f1xx_hal_uart.o
    0x08002168   0x000000ba   Code   RO         2329    i.HAL_UART_Transmit  stm32f1xx_hal_uart.o
    0x08002222   0x00000002   PAD
    0x08002224   0x0000000c   Code   RO          523    i.HardFault_Handler  stm32f1xx_it.o
    0x08002230   0x0000001c   Code   RO          482    i.MX_FATFS_Init     fatfs.o
    0x0800224c   0x000000d0   Code   RO           15    i.MX_GPIO_Init      main.o
    0x0800231c   0x000000c4   Code   RO           16    i.MX_TIM1_Init      main.o
    0x080023e0   0x00000084   Code   RO           17    i.MX_TIM2_Init      main.o
    0x08002464   0x00000090   Code   RO           18    i.MX_TIM4_Init      main.o
    0x080024f4   0x00000088   Code   RO           19    i.MX_TIM5_Init      main.o
    0x0800257c   0x000000bc   Code   RO           20    i.MX_TIM8_Init      main.o
    0x08002638   0x00000048   Code   RO          524    i.MemManage_Handler  stm32f1xx_it.o
    0x08002680   0x00000002   Code   RO          525    i.NMI_Handler       stm32f1xx_it.o
    0x08002682   0x00000020   Code   RO         3098    i.NVIC_SetPriority  stm32f1xx_hal_cortex.o
    0x080026a2   0x00000002   Code   RO          526    i.PendSV_Handler    stm32f1xx_it.o
    0x080026a4   0x00000024   Code   RO          933    i.SDIO_ConfigData   stm32f1xx_ll_sdmmc.o
    0x080026c8   0x00000008   Code   RO          937    i.SDIO_GetPowerState  stm32f1xx_ll_sdmmc.o
    0x080026d0   0x0000000c   Code   RO          938    i.SDIO_GetResponse  stm32f1xx_ll_sdmmc.o
    0x080026dc   0x00000024   Code   RO          939    i.SDIO_Init         stm32f1xx_ll_sdmmc.o
    0x08002700   0x00000008   Code   RO          941    i.SDIO_PowerState_ON  stm32f1xx_ll_sdmmc.o
    0x08002708   0x00000006   Code   RO          942    i.SDIO_ReadFIFO     stm32f1xx_ll_sdmmc.o
    0x0800270e   0x00000020   Code   RO          943    i.SDIO_SendCommand  stm32f1xx_ll_sdmmc.o
    0x0800272e   0x0000000a   Code   RO          945    i.SDIO_WriteFIFO    stm32f1xx_ll_sdmmc.o
    0x08002738   0x00000032   Code   RO          946    i.SDMMC_CmdAppCommand  stm32f1xx_ll_sdmmc.o
    0x0800276a   0x00000002   PAD
    0x0800276c   0x00000034   Code   RO          947    i.SDMMC_CmdAppOperCommand  stm32f1xx_ll_sdmmc.o
    0x080027a0   0x00000032   Code   RO          948    i.SDMMC_CmdBlockLength  stm32f1xx_ll_sdmmc.o
    0x080027d2   0x00000002   PAD
    0x080027d4   0x00000050   Code   RO          953    i.SDMMC_CmdGoIdleState  stm32f1xx_ll_sdmmc.o
    0x08002824   0x00000068   Code   RO          955    i.SDMMC_CmdOperCond  stm32f1xx_ll_sdmmc.o
    0x0800288c   0x00000032   Code   RO          956    i.SDMMC_CmdReadMultiBlock  stm32f1xx_ll_sdmmc.o
    0x080028be   0x00000032   Code   RO          957    i.SDMMC_CmdReadSingleBlock  stm32f1xx_ll_sdmmc.o
    0x080028f0   0x00000032   Code   RO          960    i.SDMMC_CmdSelDesel  stm32f1xx_ll_sdmmc.o
    0x08002922   0x0000002c   Code   RO          961    i.SDMMC_CmdSendCID  stm32f1xx_ll_sdmmc.o
    0x0800294e   0x0000002c   Code   RO          962    i.SDMMC_CmdSendCSD  stm32f1xx_ll_sdmmc.o
    0x0800297a   0x00000032   Code   RO          964    i.SDMMC_CmdSendStatus  stm32f1xx_ll_sdmmc.o
    0x080029ac   0x00000030   Code   RO          965    i.SDMMC_CmdSetRelAdd  stm32f1xx_ll_sdmmc.o
    0x080029dc   0x00000034   Code   RO          967    i.SDMMC_CmdStopTransfer  stm32f1xx_ll_sdmmc.o
    0x08002a10   0x00000032   Code   RO          969    i.SDMMC_CmdWriteMultiBlock  stm32f1xx_ll_sdmmc.o
    0x08002a42   0x00000032   Code   RO          970    i.SDMMC_CmdWriteSingleBlock  stm32f1xx_ll_sdmmc.o
    0x08002a74   0x0000011c   Code   RO          971    i.SDMMC_GetCmdResp1  stm32f1xx_ll_sdmmc.o
    0x08002b90   0x00000050   Code   RO          972    i.SDMMC_GetCmdResp2  stm32f1xx_ll_sdmmc.o
    0x08002be0   0x00000040   Code   RO          973    i.SDMMC_GetCmdResp3  stm32f1xx_ll_sdmmc.o
    0x08002c20   0x00000084   Code   RO          974    i.SDMMC_GetCmdResp6  stm32f1xx_ll_sdmmc.o
    0x08002ca4   0x000000e6   Code   RO         1230    i.SD_InitCard       stm32f1xx_hal_sd.o
    0x08002d8a   0x000000a2   Code   RO         1231    i.SD_PowerON        stm32f1xx_hal_sd.o
    0x08002e2c   0x00000020   Code   RO         4008    i.SD_initialize     sd_diskio.o
    0x08002e4c   0x00000050   Code   RO         4009    i.SD_ioctl          sd_diskio.o
    0x08002e9c   0x0000003c   Code   RO         4010    i.SD_read           sd_diskio.o
    0x08002ed8   0x00000020   Code   RO         4011    i.SD_status         sd_diskio.o
    0x08002ef8   0x0000003c   Code   RO         4012    i.SD_write          sd_diskio.o
    0x08002f34   0x00000002   Code   RO          527    i.SVC_Handler       stm32f1xx_it.o
    0x08002f36   0x00000004   Code   RO          528    i.SysTick_Handler   stm32f1xx_it.o
    0x08002f3a   0x0000004e   Code   RO           21    i.SystemClock_Config  main.o
    0x08002f88   0x00000048   Code   RO         3514    i.SystemInit        system_stm32f1xx.o
    0x08002fd0   0x0000000c   Code   RO          529    i.TIM6_IRQHandler   stm32f1xx_it.o
    0x08002fdc   0x0000008c   Code   RO         1518    i.TIM_Base_SetConfig  stm32f1xx_hal_tim.o
    0x08003068   0x00000016   Code   RO         1519    i.TIM_CCxChannelCmd  stm32f1xx_hal_tim.o
    0x0800307e   0x00000014   Code   RO         1525    i.TIM_ETR_SetConfig  stm32f1xx_hal_tim.o
    0x08003092   0x00000010   Code   RO         1526    i.TIM_ITRx_SetConfig  stm32f1xx_hal_tim.o
    0x080030a2   0x00000002   PAD
    0x080030a4   0x00000060   Code   RO         1527    i.TIM_OC1_SetConfig  stm32f1xx_hal_tim.o
    0x08003104   0x0000006c   Code   RO         1528    i.TIM_OC2_SetConfig  stm32f1xx_hal_tim.o
    0x08003170   0x00000068   Code   RO         1529    i.TIM_OC3_SetConfig  stm32f1xx_hal_tim.o
    0x080031d8   0x00000050   Code   RO         1530    i.TIM_OC4_SetConfig  stm32f1xx_hal_tim.o
    0x08003228   0x00000022   Code   RO         1532    i.TIM_TI1_ConfigInputStage  stm32f1xx_hal_tim.o
    0x0800324a   0x00000024   Code   RO         1534    i.TIM_TI2_ConfigInputStage  stm32f1xx_hal_tim.o
    0x0800326e   0x00000002   PAD
    0x08003270   0x00000170   Code   RO         2347    i.UART_SetConfig    stm32f1xx_hal_uart.o
    0x080033e0   0x00000064   Code   RO         2349    i.UART_WaitOnFlagUntilTimeout  stm32f1xx_hal_uart.o
    0x08003444   0x00000002   Code   RO          530    i.UsageFault_Handler  stm32f1xx_it.o
    0x08003446   0x0000000e   Code   RO         4093    i.__scatterload_copy  mc_w.l(handlers.o)
    0x08003454   0x00000002   Code   RO         4094    i.__scatterload_null  mc_w.l(handlers.o)
    0x08003456   0x0000000e   Code   RO         4095    i.__scatterload_zeroinit  mc_w.l(handlers.o)
    0x08003464   0x00000060   Code   RO         3606    i.check_fs          ff.o
    0x080034c4   0x0000006c   Code   RO         3607    i.chk_lock          ff.o
    0x08003530   0x00000024   Code   RO         3608    i.clear_lock        ff.o
    0x08003554   0x0000002a   Code   RO         3609    i.clmt_clust        ff.o
    0x0800357e   0x0000001e   Code   RO         3610    i.clust2sect        ff.o
    0x0800359c   0x000000b0   Code   RO         3611    i.create_chain      ff.o
    0x0800364c   0x00000100   Code   RO         3612    i.create_name       ff.o
    0x0800374c   0x00000038   Code   RO           22    i.data_shift_right_4  main.o
    0x08003784   0x0000003c   Code   RO         3613    i.dec_lock          ff.o
    0x080037c0   0x0000011e   Code   RO         3614    i.dir_next          ff.o
    0x080038de   0x00000076   Code   RO         3616    i.dir_register      ff.o
    0x08003954   0x00000098   Code   RO         3618    i.dir_sdi           ff.o
    0x080039ec   0x00000028   Code   RO         3551    i.disk_initialize   diskio.o
    0x08003a14   0x0000001c   Code   RO         3552    i.disk_ioctl        diskio.o
    0x08003a30   0x0000001c   Code   RO         3553    i.disk_read         diskio.o
    0x08003a4c   0x00000018   Code   RO         3554    i.disk_status       diskio.o
    0x08003a64   0x0000001c   Code   RO         3555    i.disk_write        diskio.o
    0x08003a80   0x0000002a   Code   RO         3620    i.f_close           ff.o
    0x08003aaa   0x00000002   PAD
    0x08003aac   0x00000284   Code   RO         3624    i.f_lseek           ff.o
    0x08003d30   0x0000005c   Code   RO         3627    i.f_mount           ff.o
    0x08003d8c   0x000001a0   Code   RO         3628    i.f_open            ff.o
    0x08003f2c   0x0000018c   Code   RO         3633    i.f_read            ff.o
    0x080040b8   0x000000b8   Code   RO         3637    i.f_sync            ff.o
    0x08004170   0x00000258   Code   RO         3642    i.find_volume       ff.o
    0x080043c8   0x000000c0   Code   RO         3643    i.follow_path       ff.o
    0x08004488   0x000000c2   Code   RO         3644    i.get_fat           ff.o
    0x0800454a   0x00000004   Code   RO          483    i.get_fattime       fatfs.o
    0x0800454e   0x0000003c   Code   RO         3646    i.get_ldnumber      ff.o
    0x0800458a   0x00000002   PAD
    0x0800458c   0x000000a0   Code   RO         3647    i.inc_lock          ff.o
    0x0800462c   0x00000014   Code   RO         3648    i.ld_clust          ff.o
    0x08004640   0x00000070   Code   RO           23    i.led_d_face        main.o
    0x080046b0   0x00000034   Code   RO           24    i.led_startup       main.o
    0x080046e4   0x000002e0   Code   RO           25    i.main              main.o
    0x080049c4   0x0000002e   Code   RO           26    i.max_init          main.o
    0x080049f2   0x00000002   PAD
    0x080049f4   0x00000012   Code   RO         3649    i.mem_cpy           ff.o
    0x08004a06   0x0000000e   Code   RO         3650    i.mem_set           ff.o
    0x08004a14   0x00000134   Code   RO           27    i.move              main.o
    0x08004b48   0x00000036   Code   RO         3651    i.move_window       ff.o
    0x08004b7e   0x00000002   PAD
    0x08004b80   0x00000094   Code   RO           28    i.player            main.o
    0x08004c14   0x00000024   Code   RO           29    i.pullData          main.o
    0x08004c38   0x000000f8   Code   RO         3652    i.put_fat           ff.o
    0x08004d30   0x00000028   Code   RO           30    i.pwm_set           main.o
    0x08004d58   0x0000006e   Code   RO         3654    i.remove_chain      ff.o
    0x08004dc6   0x00000002   PAD
    0x08004dc8   0x00000100   Code   RO           31    i.servo_init_walking  main.o
    0x08004ec8   0x0000013c   Code   RO           32    i.servo_stand       main.o
    0x08005004   0x00000128   Code   RO           34    i.servo_turn_left   main.o
    0x0800512c   0x00000128   Code   RO           35    i.servo_turn_right  main.o
    0x08005254   0x0000019c   Code   RO           36    i.servo_walking_forward  main.o
    0x080053f0   0x00000010   Code   RO         3655    i.st_clust          ff.o
    0x08005400   0x000000b6   Code   RO         3656    i.sync_fs           ff.o
    0x080054b6   0x00000060   Code   RO         3657    i.sync_window       ff.o
    0x08005516   0x0000002c   Code   RO         3658    i.validate          ff.o
    0x08005542   0x00000002   PAD
    0x08005544   0x00000038   Code   RO           37    i.write_byte        main.o
    0x0800557c   0x00000030   Code   RO           38    i.write_max         main.o
    0x080055ac   0x00000044   Code   RO           39    i.write_string      main.o
    0x080055f0   0x00000010   Data   RO         3515    .constdata          system_stm32f1xx.o
    0x08005600   0x00000008   Data   RO         3516    .constdata          system_stm32f1xx.o
    0x08005608   0x000000ac   Data   RO         3660    .constdata          ff.o
    0x080056b4   0x00000014   Data   RO         4013    .constdata          sd_diskio.o
    0x080056c8   0x00000020   Data   RO         4091    Region$$Table       anon$$obj.o


    Execution Region RW_IRAM1 (Base: 0x20000000, Size: 0x00006930, Max: 0x00010000, ABSOLUTE, COMPRESSED[0x000001ac])

    Base Addr    Size         Type   Attr      Idx    E Section Name        Object

    0x20000000   0x000021f1   Data   RW           43    .data               main.o
    0x200021f1   0x00000005   Data   RW          486    .data               fatfs.o
    0x200021f6   0x00000002   PAD
    0x200021f8   0x0000000c   Data   RW         2645    .data               stm32f1xx_hal.o
    0x20002204   0x00000004   Data   RW         3517    .data               system_stm32f1xx.o
    0x20002208   0x00000008   Data   RW         3661    .data               ff.o
    0x20002210   0x00000001   Data   RW         4014    .data               sd_diskio.o
    0x20002211   0x00000003   PAD
    0x20002214   0x000006b4   Zero   RW           40    .bss                main.o
    0x200028c8   0x00000044   Zero   RW           41    .bss                main.o
    0x2000290c   0x00000018   Zero   RW         3659    .bss                ff.o
    0x20002924   0x0000000c   Zero   RW         3931    .bss                ff_gen_drv.o
    0x20002930   0x00004000   Zero   RW            1    STACK               startup_stm32f103xe.o


==============================================================================

Image component sizes


      Code (inc. data)   RO Data    RW Data    ZI Data      Debug   Object Name

       136         26          0          0          0       3406   bsp_driver_sd.o
       148         22          0          0          0       3633   diskio.o
        32         10          0          5          0       1464   fatfs.o
      5142         70        172          8         24      33647   ff.o
        70          4          0          0         12       1607   ff_gen_drv.o
      4450        374          0       8689       1784     524366   main.o
       264         34         20          1          0       4424   sd_diskio.o
        36          8        304          0      16384        812   startup_stm32f103xe.o
       164         28          0         12          0       6581   stm32f1xx_hal.o
       194         14          0          0          0      25811   stm32f1xx_hal_cortex.o
       536         26          0          0          0       7235   stm32f1xx_hal_dac.o
        56          0          0          0          0       3809   stm32f1xx_hal_dac_ex.o
       910         44          0          0          0       4299   stm32f1xx_hal_dma.o
       508         42          0          0          0       3551   stm32f1xx_hal_gpio.o
       940        126          0          0          0       4936   stm32f1xx_hal_msp.o
      1308         98          0          0          0       5276   stm32f1xx_hal_rcc.o
      1928          4          0          0          0       9616   stm32f1xx_hal_sd.o
      1734         64          0          0          0      17533   stm32f1xx_hal_tim.o
       174          0          0          0          0       3166   stm32f1xx_hal_tim_ex.o
       936          4          0          0          0       5075   stm32f1xx_hal_uart.o
       124         30          0          0          0       4903   stm32f1xx_it.o
      1532         42          0          0          0      20636   stm32f1xx_ll_sdmmc.o
        72         16         24          4          0       1187   system_stm32f1xx.o

    ----------------------------------------------------------------------
     21426       1086        552       8724      18204     696973   Object Totals
         0          0         32          0          0          0   (incl. Generated)
        32          0          0          5          0          0   (incl. Padding)

    ----------------------------------------------------------------------

      Code (inc. data)   RO Data    RW Data    ZI Data      Debug   Library Member Name

        86          0          0          0          0          0   __dczerorl2.o
         0          0          0          0          0          0   entry.o
         0          0          0          0          0          0   entry10a.o
         0          0          0          0          0          0   entry11a.o
         8          4          0          0          0          0   entry2.o
         4          0          0          0          0          0   entry5.o
         0          0          0          0          0          0   entry7b.o
         0          0          0          0          0          0   entry8b.o
         8          4          0          0          0          0   entry9a.o
        30          0          0          0          0          0   handlers.o
        36          8          0          0          0         68   init.o
        36          0          0          0          0        108   memseta.o
        28          0          0          0          0         76   strcmp.o
        30          0          0          0          0         80   strncmp.o

    ----------------------------------------------------------------------
       270         16          0          0          0        332   Library Totals
         4          0          0          0          0          0   (incl. Padding)

    ----------------------------------------------------------------------

      Code (inc. data)   RO Data    RW Data    ZI Data      Debug   Library Name

       266         16          0          0          0        332   mc_w.l

    ----------------------------------------------------------------------
       270         16          0          0          0        332   Library Totals

    ----------------------------------------------------------------------

==============================================================================


      Code (inc. data)   RO Data    RW Data    ZI Data      Debug   

     21696       1102        552       8724      18204     687137   Grand Totals
     21696       1102        552        428      18204     687137   ELF Image Totals (compressed)
     21696       1102        552        428          0          0   ROM Totals

==============================================================================

    Total RO  Size (Code + RO Data)                22248 (  21.73kB)
    Total RW  Size (RW Data + ZI Data)             26928 (  26.30kB)
    Total ROM Size (Code + RO Data + RW Data)      22676 (  22.14kB)

==============================================================================

